// Jest Snapshot v1, https://goo.gl/fbAQLP

exports[`components/Fab Test Suite matches snapshot 1`] = `
<div
  className="sc-AxjAm dHfWsI"
  height={64}
  width={64}
>
  <button
    aria-label="Open Menu"
    className="sc-AxjAm sc-AxirZ bydKTu"
    height="100%"
    onClick={[Function]}
    onMouseEnter={[Function]}
    onMouseLeave={[Function]}
    width="100%"
  >
    <svg
      className="sc-AxiKw jxzaqN"
      fill="white"
      height={24}
      viewBox="0 0 24 24"
      width={24}
      xmlns="http://www.w3.org/2000/svg"
    >
      <path
        d="M3 18h18v-2H3v2zm0-5h18v-2H3v2zm0-7v2h18V6H3z"
      />
    </svg>
  </button>
</div>
`;
