// Jest Snapshot v1, https://goo.gl/fbAQLP

exports[`components/ActionManager Test Suite matches snapshot 1`] = `
<div
  className="sc-AxjAm fYLXEs"
  height={64}
  width={64}
>
  <div
    className="sc-AxjAm cnZoIa"
    display="flex"
    height="100%"
    onMouseEnter={[Function]}
    onMouseLeave={[Function]}
    pointerEvents="none"
    width="auto"
  >
    <div
      className="sc-AxjAm diTJxH"
      height="48px"
      opacity={0}
      transform="scale3d(0, 0, 0)"
      width="48px"
    >
      <button
        className="sc-AxjAm sc-AxhUy kSxav"
        height="100%"
        onClick={[Function]}
        onMouseEnter={[Function]}
        onMouseLeave={[Function]}
        width="100%"
      >
        <svg
          fill="white"
          height={24}
          viewBox="0 0 24 24"
          width={24}
        >
          <path
            d="M7.41 18.205l4.59-4.59 4.59 4.59 1.41-1.41-6-6-6 6 1.41 1.41zM6 7.795v-2h12v2H6z"
          />
        </svg>
      </button>
      <div
        className="sc-AxjAm dMgygb"
        cursor="pointer"
        display="flex"
        height="0"
        onClick={[Function]}
        onMouseLeave={[Function]}
        overflow="hidden"
        width="46px"
        writingMode="vertical-rl"
      >
        <div
          className="sc-AxjAm fMjQHc"
          fontSize={18}
          fontWeight="bold"
          transform="rotate3d(0, 0, 1, -180deg)"
        >
          <span
            className="sc-AxiKw ggvGYh"
            color="secondary"
          >
            top
          </span>
          <span
            className="sc-AxiKw jncuiT"
            color="primary"
          >
            
          </span>
        </div>
      </div>
    </div>
    <div
      className="sc-AxjAm gltMof"
      height="48px"
      opacity={0}
      transform="scale3d(0, 0, 0)"
      width="48px"
    >
      <button
        className="sc-AxjAm sc-AxhUy kSxav"
        height="100%"
        onClick={[Function]}
        onMouseEnter={[Function]}
        onMouseLeave={[Function]}
        width="100%"
      >
        <svg
          fill="white"
          height={24}
          viewBox="0 0 24 24"
          width={24}
        >
          <path
            d="M20 6h-4V4c0-1.11-.89-2-2-2h-4c-1.11 0-2 .89-2 2v2H4c-1.11 0-1.99.89-1.99 2L2 19c0 1.11.89 2 2 2h16c1.11 0 2-.89 2-2V8c0-1.11-.89-2-2-2zm-6 0h-4V4h4v2z"
          />
        </svg>
      </button>
      <div
        className="sc-AxjAm dMgygb"
        cursor="pointer"
        display="flex"
        height="0"
        onClick={[Function]}
        onMouseLeave={[Function]}
        overflow="hidden"
        width="46px"
        writingMode="vertical-rl"
      >
        <div
          className="sc-AxjAm fMjQHc"
          fontSize={18}
          fontWeight="bold"
          transform="rotate3d(0, 0, 1, -180deg)"
        >
          <span
            className="sc-AxiKw ggvGYh"
            color="secondary"
          >
            exp
          </span>
          <span
            className="sc-AxiKw jncuiT"
            color="primary"
          >
            erience
          </span>
        </div>
      </div>
    </div>
    <div
      className="sc-AxjAm gWuTTP"
      height="48px"
      opacity={0}
      transform="scale3d(0, 0, 0)"
      width="48px"
    >
      <button
        className="sc-AxjAm sc-AxhUy kSxav"
        height="100%"
        onClick={[Function]}
        onMouseEnter={[Function]}
        onMouseLeave={[Function]}
        width="100%"
      >
        <svg
          fill="white"
          height={24}
          viewBox="0 0 24 24"
          width={24}
        >
          <path
            d="M9.4 16.6L4.8 12l4.6-4.6L8 6l-6 6 6 6 1.4-1.4zm5.2 0l4.6-4.6-4.6-4.6L16 6l6 6-6 6-1.4-1.4z"
          />
        </svg>
      </button>
      <div
        className="sc-AxjAm dMgygb"
        cursor="pointer"
        display="flex"
        height="0"
        onClick={[Function]}
        onMouseLeave={[Function]}
        overflow="hidden"
        width="46px"
        writingMode="vertical-rl"
      >
        <div
          className="sc-AxjAm fMjQHc"
          fontSize={18}
          fontWeight="bold"
          transform="rotate3d(0, 0, 1, -180deg)"
        >
          <span
            className="sc-AxiKw ggvGYh"
            color="secondary"
          >
            ski
          </span>
          <span
            className="sc-AxiKw jncuiT"
            color="primary"
          >
            lls
          </span>
        </div>
      </div>
    </div>
    <div
      className="sc-AxjAm livsa-D"
      height="48px"
      opacity={0}
      transform="scale3d(0, 0, 0)"
      width="48px"
    >
      <button
        className="sc-AxjAm sc-AxhUy kSxav"
        height="100%"
        onClick={[Function]}
        onMouseEnter={[Function]}
        onMouseLeave={[Function]}
        width="100%"
      >
        <svg
          fill="white"
          height={24}
          viewBox="0 0 24 24"
          width={24}
        >
          <path
            d="M21 3H3c-1.1 0-2 .9-2 2v12c0 1.1.9 2 2 2h5v2h8v-2h5c1.1 0 1.99-.9 1.99-2L23 5c0-1.1-.9-2-2-2zm0 14H3V5h18v12zm-2-9H8v2h11V8zm0 4H8v2h11v-2zM7 8H5v2h2V8zm0 4H5v2h2v-2z"
          />
        </svg>
      </button>
      <div
        className="sc-AxjAm dMgygb"
        cursor="pointer"
        display="flex"
        height="0"
        onClick={[Function]}
        onMouseLeave={[Function]}
        overflow="hidden"
        width="46px"
        writingMode="vertical-rl"
      >
        <div
          className="sc-AxjAm fMjQHc"
          fontSize={18}
          fontWeight="bold"
          transform="rotate3d(0, 0, 1, -180deg)"
        >
          <span
            className="sc-AxiKw ggvGYh"
            color="secondary"
          >
            too
          </span>
          <span
            className="sc-AxiKw jncuiT"
            color="primary"
          >
            lbox
          </span>
        </div>
      </div>
    </div>
    <div
      className="sc-AxjAm cA-dAxX"
      height="48px"
      opacity={0}
      transform="scale3d(0, 0, 0)"
      width="48px"
    >
      <button
        className="sc-AxjAm sc-AxhUy kSxav"
        height="100%"
        onClick={[Function]}
        onMouseEnter={[Function]}
        onMouseLeave={[Function]}
        width="100%"
      >
        <svg
          fill="white"
          height={24}
          viewBox="0 0 24 24"
          width={24}
        >
          <path
            d="M15.5 5.5c1.1 0 2-.9 2-2s-.9-2-2-2-2 .9-2 2 .9 2 2 2zM5 12c-2.8 0-5 2.2-5 5s2.2 5 5 5 5-2.2 5-5-2.2-5-5-5zm0 8.5c-1.9 0-3.5-1.6-3.5-3.5s1.6-3.5 3.5-3.5 3.5 1.6 3.5 3.5-1.6 3.5-3.5 3.5zm5.8-10l2.4-2.4.8.8c1.3 1.3 3 2.1 5.1 2.1V9c-1.5 0-2.7-.6-3.6-1.5l-1.9-1.9c-.5-.4-1-.6-1.6-.6s-1.1.2-1.4.6L7.8 8.4c-.4.4-.6.9-.6 1.4 0 .6.2 1.1.6 1.4L11 14v5h2v-6.2l-2.2-2.3zM19 12c-2.8 0-5 2.2-5 5s2.2 5 5 5 5-2.2 5-5-2.2-5-5-5zm0 8.5c-1.9 0-3.5-1.6-3.5-3.5s1.6-3.5 3.5-3.5 3.5 1.6 3.5 3.5-1.6 3.5-3.5 3.5z"
          />
        </svg>
      </button>
      <div
        className="sc-AxjAm dMgygb"
        cursor="pointer"
        display="flex"
        height="0"
        onClick={[Function]}
        onMouseLeave={[Function]}
        overflow="hidden"
        width="46px"
        writingMode="vertical-rl"
      >
        <div
          className="sc-AxjAm fMjQHc"
          fontSize={18}
          fontWeight="bold"
          transform="rotate3d(0, 0, 1, -180deg)"
        >
          <span
            className="sc-AxiKw ggvGYh"
            color="secondary"
          >
            int
          </span>
          <span
            className="sc-AxiKw jncuiT"
            color="primary"
          >
            erests
          </span>
        </div>
      </div>
    </div>
    <div
      className="sc-AxjAm dTFNZX"
      height="48px"
      opacity={0}
      transform="scale3d(0, 0, 0)"
      width="48px"
    >
      <button
        className="sc-AxjAm sc-AxhUy kSxav"
        height="100%"
        onClick={[Function]}
        onMouseEnter={[Function]}
        onMouseLeave={[Function]}
        width="100%"
      >
        <svg
          fill="white"
          height={24}
          viewBox="0 0 24 24"
          width={24}
        >
          <path
            d="M5 13.18v4L12 21l7-3.82v-4L12 17l-7-3.82zM12 3L1 9l11 6 9-4.91V17h2V9L12 3z"
          />
        </svg>
      </button>
      <div
        className="sc-AxjAm dMgygb"
        cursor="pointer"
        display="flex"
        height="0"
        onClick={[Function]}
        onMouseLeave={[Function]}
        overflow="hidden"
        width="46px"
        writingMode="vertical-rl"
      >
        <div
          className="sc-AxjAm fMjQHc"
          fontSize={18}
          fontWeight="bold"
          transform="rotate3d(0, 0, 1, -180deg)"
        >
          <span
            className="sc-AxiKw ggvGYh"
            color="secondary"
          >
            edu
          </span>
          <span
            className="sc-AxiKw jncuiT"
            color="primary"
          >
            cation
          </span>
        </div>
      </div>
    </div>
    <div
      className="sc-AxjAm lpjgGD"
      height="48px"
      opacity={0}
      transform="scale3d(0, 0, 0)"
      width="48px"
    >
      <button
        className="sc-AxjAm sc-AxhUy kSxav"
        height="100%"
        onClick={[Function]}
        onMouseEnter={[Function]}
        onMouseLeave={[Function]}
        width="100%"
      >
        <svg
          fill="white"
          height={24}
          viewBox="0 0 24 24"
          width={24}
        >
          <path
            d="M16.59 5.795L12 10.385l-4.59-4.59L6 7.205l6 6 6-6-1.41-1.41zM18 16.205v2H6v-2h12z"
          />
        </svg>
      </button>
      <div
        className="sc-AxjAm dMgygb"
        cursor="pointer"
        display="flex"
        height="0"
        onClick={[Function]}
        onMouseLeave={[Function]}
        overflow="hidden"
        width="46px"
        writingMode="vertical-rl"
      >
        <div
          className="sc-AxjAm fMjQHc"
          fontSize={18}
          fontWeight="bold"
          transform="rotate3d(0, 0, 1, -180deg)"
        >
          <span
            className="sc-AxiKw ggvGYh"
            color="secondary"
          >
            bot
          </span>
          <span
            className="sc-AxiKw jncuiT"
            color="primary"
          >
            tom
          </span>
        </div>
      </div>
    </div>
  </div>
  <button
    className="sc-AxjAm sc-AxhUy glrBJY"
    height="100%"
    onClick={[Function]}
    onMouseEnter={[Function]}
    onMouseLeave={[Function]}
    width="100%"
  >
    <svg
      fill="white"
      height={24}
      viewBox="0 0 24 24"
      width={24}
    >
      <path
        d="M3 18h18v-2H3v2zm0-5h18v-2H3v2zm0-7v2h18V6H3z"
      />
    </svg>
  </button>
</div>
`;
