// Jest Snapshot v1, https://goo.gl/fbAQLP

exports[`components/sections/Toolbox Test Suite matches snapshot 1`] = `
<section
  className="sc-AxjAm sc-AxhUy jQIRcp"
>
  <div
    className="sc-AxjAm eiESPf"
    fontSize={28}
    fontWeight="bold"
  >
    <span
      className="sc-AxiKw ftGYeL"
      color="secondary"
    >
      too
    </span>
    <span
      className="sc-AxiKw emkGCh"
      color="primary"
    >
      lbox
    </span>
  </div>
  <div
    className="sc-AxjAm iSoCHO"
    display="flex"
    width="100%"
  >
    <div
      className="sc-AxjAm iUDjsC"
      display="flex"
      width="100%"
    >
      <div
        className="sc-AxjAm hpcBAq"
        display="flex"
      >
        <a
          className="sc-AxjAm sc-AxirZ bcuvrm"
          fontWeight="semi-bold"
          height={48}
          href="https://code.visualstudio.com"
          rel="noopener noreferrer"
          target="_blank"
        >
          <div
            className="sc-AxjAm bJiOhD"
            width={48}
          >
            <div
              className=" gatsby-image-wrapper"
              style={
                Object {
                  "display": "inline-block",
                  "height": 48,
                  "overflow": "hidden",
                  "position": "relative",
                  "width": 48,
                }
              }
            >
              <img
                alt=""
                aria-hidden={true}
                src="data:image/png;base64,iVBORw0KGgoAAAANSUhEUgAAABQAAAAUCAYAAACNiR0NAAAACXBIWXMAAAsTAAALEwEAmpwYAAAE0klEQVQ4y4WVWVBTVxjHb1zqkhIhGtmUymZIApEIslSwraOltQVah+mj7z5UiqDW0pCQjSUJFa06jlWQYSlCSEBCWDvFSu1MmxCyOEipzvSlPkjMvRBkuMvXc2+GvNmemd/8/3fOvf/zne/c3GDYf4w8/QQHOwobJnkFhvFNrC8yOM6cuPo4UDFEWCqGQ0c27i8fXOG9MeywdhzLQbDjiH6Cl10f9kebpqqKTdNQ3DAGX4ySUGFfhdNDhO3zIeJY5OFDV/08FtZnX3uCyc1O7FD92Ebwpo378g0T+qPmGcjXj0OhzkGVDQSoz4ZWmIoJgNMOEspsRBuW1eqPPJDV6uO8XBOuBoVG5nJ147cKTL9Crn6CztWO0XkaO/2pJcCUDq4wpTaCLLUtQ/kICVi4Kn9s9jVfDOtlV3ybE6YAy6yzb+b6pZ/kKTRjfbnGGUBKKbTjtEIzSqEF4GNLED6xrTCnrAQgmFMDBM1WmCe/6n+BeJZ1xVfAhkgNM1u4StWOnXL16JSi6REgJeX1o5S8fozObngI2Sq7q8SCEx/ZVqHEQjAlA8tIlxm2otXM64uQ+f1TQJ6Rfuet5EK/fRArU426sgwPQaZyrCNImXocsvTTIFXaW4va/xaetCwvfWh9DSf7CQYBJxBYRotXJbn2J4hbvHRGiw+kN56D2OztFn9tnZNqpkCsdKxnKEdIieYn5EdWM5SOM+yCJXbgf9CHE8cHQoCUOd6HsxruYbrZeza9dQHSW/yQZvKQ4uvPId3khrTLg2TaRQst1k5DWq3dk15rl24cUnH3S8F794ng+/0hQMogWAUs3TjLNT/F7C9PNnnXkk0+SDZ6SKRUcvMcnVI3CSnV92/uU05yJ56p+5nrb1EvEVXUiweL+0KAlEFA0Y+owoQaGxe4v7K7LOnSg7WkJjckGX1kUtMcldTsod8xz8P+Js/NhC7gApPM81xgYQ8RhQi+ez8ESBkEq+EtJ1wYPLvv8igknu+HxGoruc/4BBJN85DY6CYTG+fo/a3PIaHR7YlvcEe2nNMREOR348H83hAgZRCQh8Biq22q+EsOiKsepONqhiD+wjDEnbd2xzV45uJb/oI4g3s91uAm401PAekqgjuUo/1r/JyuIJHbswI5XTiT24WzCtieKuuq6MIIiGqGAXlGVD3IvTYi3WzsHt2sS2RahD069zqCFBk8sNe4ALu1rlbJ7X+Eik586XBPCBSdQQYB2QhMWGnNi6kceIF4hnw+G7ZX6+T6FKN182O0s1NC4yIgJREUghY2o1DVY5e84xVxqGsF5B1BRt6BI8UZrh+Cc5ZYwZcW7qcnqrJuPpCciu3WubnDeks5zRPUu/p2NS0CUkpQP0tHqZ1UtPp3kLYFQNZBMLJ7QUAgxWlM+JU18gHY8EKNk7uO1sxG5vgq1y1+wwLw1S56Z52TfvubR7T4zhIjuUcwkvYgKWnHQdq1Fj7l6MoBHgvrd52zYDE1IyjMxc1FqV2R0O11Tv123TxsU/4BOy7/QqX98JI62IYz4h4KxJ1rcPBusO2NH1iB2sWGcX6nyom27eb8VqWzaovKA1svPYLUjteQ2kZA6p1XNsQx7P8GX+XEdqjC29+mdPK21/4WrvbizBm0SODA7YAl5S4e+QuQtC/z/gUiFblSZIkYqwAAAABJRU5ErkJggg=="
                style={
                  Object {
                    "height": "100%",
                    "left": 0,
                    "objectFit": "cover",
                    "objectPosition": "center",
                    "opacity": 1,
                    "position": "absolute",
                    "top": 0,
                    "transitionDelay": "500ms",
                    "width": "100%",
                  }
                }
              />
              <picture>
                <source
                  srcSet="/static/7db401c6073226d127296bad75c906fc/aff39/toolbox_vscode.png 1x,
/static/7db401c6073226d127296bad75c906fc/e5b88/toolbox_vscode.png 1.5x,
/static/7db401c6073226d127296bad75c906fc/88b72/toolbox_vscode.png 2x"
                />
                <img
                  alt=""
                  height={48}
                  loading="lazy"
                  onLoad={[Function]}
                  src="/static/7db401c6073226d127296bad75c906fc/aff39/toolbox_vscode.png"
                  srcSet="/static/7db401c6073226d127296bad75c906fc/aff39/toolbox_vscode.png 1x,
/static/7db401c6073226d127296bad75c906fc/e5b88/toolbox_vscode.png 1.5x,
/static/7db401c6073226d127296bad75c906fc/88b72/toolbox_vscode.png 2x"
                  style={
                    Object {
                      "height": "100%",
                      "left": 0,
                      "objectFit": "cover",
                      "objectPosition": "center",
                      "opacity": 0,
                      "position": "absolute",
                      "top": 0,
                      "transition": "opacity 500ms",
                      "width": "100%",
                    }
                  }
                  width={48}
                />
              </picture>
              <noscript
                dangerouslySetInnerHTML={
                  Object {
                    "__html": "<picture><source srcset=\\"/static/7db401c6073226d127296bad75c906fc/aff39/toolbox_vscode.png 1x,
/static/7db401c6073226d127296bad75c906fc/e5b88/toolbox_vscode.png 1.5x,
/static/7db401c6073226d127296bad75c906fc/88b72/toolbox_vscode.png 2x\\" /><img loading=\\"lazy\\" width=\\"48\\" height=\\"48\\" srcset=\\"/static/7db401c6073226d127296bad75c906fc/aff39/toolbox_vscode.png 1x,
/static/7db401c6073226d127296bad75c906fc/e5b88/toolbox_vscode.png 1.5x,
/static/7db401c6073226d127296bad75c906fc/88b72/toolbox_vscode.png 2x\\" src=\\"/static/7db401c6073226d127296bad75c906fc/aff39/toolbox_vscode.png\\" alt=\\"\\" style=\\"position:absolute;top:0;left:0;opacity:1;width:100%;height:100%;object-fit:cover;object-position:center\\"/></picture>",
                  }
                }
              />
            </div>
          </div>
        </a>
        <span
          className="sc-AxiKw eylVgO"
          color="text"
          fontSize={12}
          fontWeight="bold"
        >
          vscode
        </span>
      </div>
      <div
        className="sc-AxjAm hpcBAq"
        display="flex"
      >
        <a
          className="sc-AxjAm sc-AxirZ bcuvrm"
          fontWeight="semi-bold"
          height={48}
          href="https://www.npmjs.com"
          rel="noopener noreferrer"
          target="_blank"
        >
          <div
            className="sc-AxjAm bJiOhD"
            width={48}
          >
            <div
              className=" gatsby-image-wrapper"
              style={
                Object {
                  "display": "inline-block",
                  "height": 48,
                  "overflow": "hidden",
                  "position": "relative",
                  "width": 48,
                }
              }
            >
              <img
                alt=""
                aria-hidden={true}
                src="data:image/png;base64,iVBORw0KGgoAAAANSUhEUgAAABQAAAAUCAYAAACNiR0NAAAACXBIWXMAAAsTAAALEwEAmpwYAAACU0lEQVQ4y+1TS09TQRS+0eS68IdQ0NIHfWpZ6EY3ahNd2KoLXwmJJgqiLjU+/wABtmy0yE5JSLsw1hJ7+6YvKLeY0kr0mosIDWgfMz2emZqmrS400ZWe5MtMzvm+b86de0YQ/r0I2yx/FH+hQ6tFDBn0YkivE4N9vWJwX58YNps4WE7SacU3mh5Rwj3nGg0dXEm7Xwz2argHqzNDuQWLuYnunNnUmWvndtWF5KADyj4vVDMZqKRSQIpFWLt/D1YuX4JaLgeVhQW+fo3FYNF5Aj49fQK1pSWoptNNTTIJ9bzMPZiXEHU4aFVRKABQxeOhO8vLVHk2TeXhYZ6rl8v03fg4bRBCM24XLcdiPK/OztINv59+WV3luqqq0uigg6LhQdjJ54FF9sJ5eD81Bcr0NOSuXuG57WwW8K6gonyAtNsFG/5XPC+P3oDC40ew7vVC5owb0BiwOd4hQXeCHCKPjBA8magvntPvhg2sAXbcYHXskJTjcc4tPHxA1iYnyVYkTJBL6pufCXZIhAx+96bHAxVJgpVzZ0HBU4t370D+9i0mpA1KKYrots8HuePHQJ2YgFoiAYWhISjdHAV1bAzyrtOwNTMDzIv95QCOQUDq1wbwb80jXgY1PaXS9WtQk/Gy5+YgajQAjkcQua9xPOY51zQQCDEY9EzHPZhXx0wmnc7dbI0csF/E4kfEIuJtxG6Lp06d3Mtq2PXvD3vi6JFd2MEeSdcvhgaMYuzwIfGXxRGrpRN2289flNkkRGxWdkU/atrQ/Qxba5iJOZp7ZtbO+R+t+Ab+MviZFBBYBwAAAABJRU5ErkJggg=="
                style={
                  Object {
                    "height": "100%",
                    "left": 0,
                    "objectFit": "cover",
                    "objectPosition": "center",
                    "opacity": 1,
                    "position": "absolute",
                    "top": 0,
                    "transitionDelay": "500ms",
                    "width": "100%",
                  }
                }
              />
              <picture>
                <source
                  srcSet="/static/8d6ec3810f66a00c3931e667196cab87/aff39/toolbox_npm.png 1x,
/static/8d6ec3810f66a00c3931e667196cab87/e5b88/toolbox_npm.png 1.5x,
/static/8d6ec3810f66a00c3931e667196cab87/88b72/toolbox_npm.png 2x"
                />
                <img
                  alt=""
                  height={48}
                  loading="lazy"
                  onLoad={[Function]}
                  src="/static/8d6ec3810f66a00c3931e667196cab87/aff39/toolbox_npm.png"
                  srcSet="/static/8d6ec3810f66a00c3931e667196cab87/aff39/toolbox_npm.png 1x,
/static/8d6ec3810f66a00c3931e667196cab87/e5b88/toolbox_npm.png 1.5x,
/static/8d6ec3810f66a00c3931e667196cab87/88b72/toolbox_npm.png 2x"
                  style={
                    Object {
                      "height": "100%",
                      "left": 0,
                      "objectFit": "cover",
                      "objectPosition": "center",
                      "opacity": 0,
                      "position": "absolute",
                      "top": 0,
                      "transition": "opacity 500ms",
                      "width": "100%",
                    }
                  }
                  width={48}
                />
              </picture>
              <noscript
                dangerouslySetInnerHTML={
                  Object {
                    "__html": "<picture><source srcset=\\"/static/8d6ec3810f66a00c3931e667196cab87/aff39/toolbox_npm.png 1x,
/static/8d6ec3810f66a00c3931e667196cab87/e5b88/toolbox_npm.png 1.5x,
/static/8d6ec3810f66a00c3931e667196cab87/88b72/toolbox_npm.png 2x\\" /><img loading=\\"lazy\\" width=\\"48\\" height=\\"48\\" srcset=\\"/static/8d6ec3810f66a00c3931e667196cab87/aff39/toolbox_npm.png 1x,
/static/8d6ec3810f66a00c3931e667196cab87/e5b88/toolbox_npm.png 1.5x,
/static/8d6ec3810f66a00c3931e667196cab87/88b72/toolbox_npm.png 2x\\" src=\\"/static/8d6ec3810f66a00c3931e667196cab87/aff39/toolbox_npm.png\\" alt=\\"\\" style=\\"position:absolute;top:0;left:0;opacity:1;width:100%;height:100%;object-fit:cover;object-position:center\\"/></picture>",
                  }
                }
              />
            </div>
          </div>
        </a>
        <span
          className="sc-AxiKw eylVgO"
          color="text"
          fontSize={12}
          fontWeight="bold"
        >
          npm
        </span>
      </div>
      <div
        className="sc-AxjAm hpcBAq"
        display="flex"
      >
        <a
          className="sc-AxjAm sc-AxirZ bcuvrm"
          fontWeight="semi-bold"
          height={48}
          href="https://www.mongodb.com"
          rel="noopener noreferrer"
          target="_blank"
        >
          <div
            className="sc-AxjAm bJiOhD"
            width={48}
          >
            <div
              className=" gatsby-image-wrapper"
              style={
                Object {
                  "display": "inline-block",
                  "height": 48,
                  "overflow": "hidden",
                  "position": "relative",
                  "width": 48,
                }
              }
            >
              <img
                alt=""
                aria-hidden={true}
                src="data:image/png;base64,iVBORw0KGgoAAAANSUhEUgAAABQAAAAUCAYAAACNiR0NAAAACXBIWXMAAAsTAAALEwEAmpwYAAAERElEQVQ4y22UW0ybZRjHG71x0btl2YBy3CgtMHAHJ8cevrUF2gI9DOk4dFAYtJyGgigZMk4F4mFTt8GmGJ3GLLhNnU4cGPViKBpleBo3xuxmiReLN0ZjbMr793leaGXGL/na7/D//b73ed/n+1TPfNqgim5tL9q3DC02Oca+bX0utBJcGP8++DPtv4W+C/7FOx/ztdBKYIEznGUmyg+ya+JWmzyhm62hm4Hb48sBDH/uR8/rHgQmS+E/rsDXq6fdII/5Gt8boQxnmWGWHeM/rbtY1vD8age6pitR6cqNKHtSwnqdOlKcHr9WkLJd6DPUojgjQRSm7hBFdE2fqZYZzjLDLDtipdJT5vouVqNoV/zfDBp3JwnTw8kw5SYLAtE9VYOqHgMMugQoe1MEXYcxJ0k+hBlm2SFljf2mB8Z/aLvdPGRm4ZqyTwJSqNcmoPFEKUJf9qLubTdKvLkw6tSIPYyyzDDLjgZyqfoue7eOLQd+rz9WRMI4HpGUGbRq2J270XO9EQMfB1F7wQX3VAnM+nQYsxJZCM4ywyw72KUamPfFj37T8ufhQD5ofoSJSuSwIVMNb0hB97wP/XMtqHmtAu437LB35v07yj3JkmGWHexSPf1B7TZqgT/qOgq5ZDlnxuwkKI+moe5NB9quevHkR34cJqHzfCmcJ80w7U8FzTOPUDLMsoNdquALtgept37llihMi1vjSTdmJsJSpkXNbDla3q3C4x8egXemHJVTVrimqWyrFpzhLDPMsoNdcmHoZKnzdDmKNQkRKllwSRZXFqpnHfBfdqPzai0ee9WOijMWOM+VwFKRtV42ZZlhlh2xtqHhTp+YP8JzFzbS6tHThdmmheeiDb5LTrS9V42qV2woP21G5VkrzDYdj1Bwlhlm2RETUlN6JlaCqHTmRPRatTDlUPBAKpwzFtRcqkDLlUPwnCuF42UzHCcPQsnfCRP1IWeZYZYdMWH7S44t1Ji/HKOuL9bER2huYKRwWe8BeN+vQOOsC84zVtinLCjtyeO2kd3AWWaYZUd0dPfL/xtNgWdvdcBTsy9cpIlfb9z8NOGescJ3xSnLtZ1SoJjSBY+OM5xlhtmYi35U5zEo5aNft3wyeqMZJXpNmN5XmLKSxEFbhvC/5Ub9tAtGp04o2VQqLQhnRhebwQyzZ8WAdKk2Rncf/1MfxdHk3jl+rQ6W/J1hA4GFGTuEv14Rvd1VokCzXRh01FIFu8ID1+p5Ie70E7MxOulQDX/RHJXK0o9f92VT8O4grZyjJDOcl7JNHFL2or3OjkcSt4rysuzw4IJc1buc3cxK19BiMx003Sudq9fQq7Q6Qd+72q6iNSU3JWLdnx6p7Spcm7wZ5NdslTP/lcVK3nwSDTxxwfPQyFdHZyZ/bMdT71Sjb7YafDyydHSG790ra1INbVQa24b/Z6Tys/5Zg4nKWxpbbl3i41jvbhoZs9HtH98tqZGC4DSvAAAAAElFTkSuQmCC"
                style={
                  Object {
                    "height": "100%",
                    "left": 0,
                    "objectFit": "cover",
                    "objectPosition": "center",
                    "opacity": 1,
                    "position": "absolute",
                    "top": 0,
                    "transitionDelay": "500ms",
                    "width": "100%",
                  }
                }
              />
              <picture>
                <source
                  srcSet="/static/6d94149d9ae6de8473a6fc42095c164c/aff39/toolbox_mongo.png 1x,
/static/6d94149d9ae6de8473a6fc42095c164c/e5b88/toolbox_mongo.png 1.5x,
/static/6d94149d9ae6de8473a6fc42095c164c/88b72/toolbox_mongo.png 2x"
                />
                <img
                  alt=""
                  height={48}
                  loading="lazy"
                  onLoad={[Function]}
                  src="/static/6d94149d9ae6de8473a6fc42095c164c/aff39/toolbox_mongo.png"
                  srcSet="/static/6d94149d9ae6de8473a6fc42095c164c/aff39/toolbox_mongo.png 1x,
/static/6d94149d9ae6de8473a6fc42095c164c/e5b88/toolbox_mongo.png 1.5x,
/static/6d94149d9ae6de8473a6fc42095c164c/88b72/toolbox_mongo.png 2x"
                  style={
                    Object {
                      "height": "100%",
                      "left": 0,
                      "objectFit": "cover",
                      "objectPosition": "center",
                      "opacity": 0,
                      "position": "absolute",
                      "top": 0,
                      "transition": "opacity 500ms",
                      "width": "100%",
                    }
                  }
                  width={48}
                />
              </picture>
              <noscript
                dangerouslySetInnerHTML={
                  Object {
                    "__html": "<picture><source srcset=\\"/static/6d94149d9ae6de8473a6fc42095c164c/aff39/toolbox_mongo.png 1x,
/static/6d94149d9ae6de8473a6fc42095c164c/e5b88/toolbox_mongo.png 1.5x,
/static/6d94149d9ae6de8473a6fc42095c164c/88b72/toolbox_mongo.png 2x\\" /><img loading=\\"lazy\\" width=\\"48\\" height=\\"48\\" srcset=\\"/static/6d94149d9ae6de8473a6fc42095c164c/aff39/toolbox_mongo.png 1x,
/static/6d94149d9ae6de8473a6fc42095c164c/e5b88/toolbox_mongo.png 1.5x,
/static/6d94149d9ae6de8473a6fc42095c164c/88b72/toolbox_mongo.png 2x\\" src=\\"/static/6d94149d9ae6de8473a6fc42095c164c/aff39/toolbox_mongo.png\\" alt=\\"\\" style=\\"position:absolute;top:0;left:0;opacity:1;width:100%;height:100%;object-fit:cover;object-position:center\\"/></picture>",
                  }
                }
              />
            </div>
          </div>
        </a>
        <span
          className="sc-AxiKw eylVgO"
          color="text"
          fontSize={12}
          fontWeight="bold"
        >
          mongo
        </span>
      </div>
      <div
        className="sc-AxjAm hpcBAq"
        display="flex"
      >
        <a
          className="sc-AxjAm sc-AxirZ bcuvrm"
          fontWeight="semi-bold"
          height={48}
          href="https://redis.io"
          rel="noopener noreferrer"
          target="_blank"
        >
          <div
            className="sc-AxjAm bJiOhD"
            width={48}
          >
            <div
              className=" gatsby-image-wrapper"
              style={
                Object {
                  "display": "inline-block",
                  "height": 48,
                  "overflow": "hidden",
                  "position": "relative",
                  "width": 48,
                }
              }
            >
              <img
                alt=""
                aria-hidden={true}
                src="data:image/png;base64,iVBORw0KGgoAAAANSUhEUgAAABQAAAAUCAYAAACNiR0NAAAACXBIWXMAAAsTAAALEwEAmpwYAAAEM0lEQVQ4y12UXWwUVRTHp9sXH4zGYsrHUnbvnc/97gKJUkLUSEI0xpBoIkS0EkLURDFKIokx+mKijUTjAzEmrZa2SCloVQpVqYhYlLYBStntbr+krS0UkcS+iTtzj/8zu92UTnKys/ee8zv//7kzo2mlK5e0tHzK9n9L94FcTK/UllyDWMnXOpXIqcglbX8tX6opglJWGegnpaxKFFQsAMY2b7orE6reMmyveTErV9UuhiO/ErCAL6AM5D+1TiAXN+5QM/bwhiTW388lzPGpLQ/RTN1aGt24zhuOiDO52siu/qixbCH3uC0AtH3VWlyrLkOyYsV9V5bf80Jm9bKerFjpzTghuvb8Nvp3JK+U67q3mj6j6ZRFs2sjNF7r3JhKO59Opp2NS8eiZVL2BtAP5NPR6zfrt9P8u2/R9bf30eT2pwpjj9R507vr1Xx3l5ra9ZzKP5h2L8ZMt9uS1OtIupKwaDhpnUf9npvrneUaFg5Nr4/RjFVDc3tfJVxuKRTH5LNPE1QrKFZDNferU7ZBX5um2h8Meq9XVRUOixoFpfT3uij1x8zT2jFdzvVGLBqKm7fHH0h51157Wf318Yd0Y/8HambvHjXx+KP0x9bHaHbfGwSFlIkIGkjYqsfW1UDMUHgaVF/M/K/L1KktLEa1ppA41RySdEhIr9sQqj+8SmVD1ZRbXUXjmzfRPyePF6V6Hl19ZiuNRMI0kY4QQHQuaqqvdKk+DwmvLSypJSw+0YYS1jvnIia1S+kBrg5Kg76xkZyMUCZm0GjCoJnd9TT70k7KG0G6lLTpR9j+UkhqXCPoYFioE6bugUOYY4PWYxtXceTc0TsfNelbQ6fmsCDAqV3X6ScUD8gg9Ykgddsmq/D3DgPIe3woqHUvxCzqNPRxtjzC3bjLhbjpWxlEEqvAGPziFqhuRvA9Zk7sCGoogzjjGOoI3LXAcmNIdLPCj7pMP9nFLHgm1IsCPAp+nI0Y3Jm+Q2D4fsNLcYu+t3RqLdpWbZj/Wceki3HrPQ02+0aRNBAzPZyUgiXFs2F1rPJy0ZIfyPFH8kXIt606pFS/oCGUusPF2Q5qAMxxd6i6jQ0erjrtGHxIqpEPCTPrxCyPQjkcMEwByo+KggOFMRVOmnqhU8dYQiKjQW4DoF6H0KlD6tzFhSU3i+Tf8VjALkN95Shkuwp73m9Rs8Cj4Bo+g9awuAxXT/ivHhZs/GnA4p9HSmBWgXEUGAzbCqepMgnL+9kxCkdlMYcbQdAJ1D/ZY8niFwoLgYV3Go/CvQDvbBPi11acGhcdg10cXOEHy3AZxA2h9hbyDgCUXvxNwJsS0KCKIwDwHZ8vJNdhrQnF8wxpRyBvAqA3sbeiDBGyAuuVzIFizQfyVQL7myhaDA4hXkHsaBfy7kUghgS4rs2vlWVWGYikBfCC6sDST11rEVSxREh5/38KJoS4cx8pQwAAAABJRU5ErkJggg=="
                style={
                  Object {
                    "height": "100%",
                    "left": 0,
                    "objectFit": "cover",
                    "objectPosition": "center",
                    "opacity": 1,
                    "position": "absolute",
                    "top": 0,
                    "transitionDelay": "500ms",
                    "width": "100%",
                  }
                }
              />
              <picture>
                <source
                  srcSet="/static/fbac36fd93edb3e3a6677dc71b2d131c/aff39/toolbox_redis.png 1x,
/static/fbac36fd93edb3e3a6677dc71b2d131c/e5b88/toolbox_redis.png 1.5x,
/static/fbac36fd93edb3e3a6677dc71b2d131c/88b72/toolbox_redis.png 2x"
                />
                <img
                  alt=""
                  height={48}
                  loading="lazy"
                  onLoad={[Function]}
                  src="/static/fbac36fd93edb3e3a6677dc71b2d131c/aff39/toolbox_redis.png"
                  srcSet="/static/fbac36fd93edb3e3a6677dc71b2d131c/aff39/toolbox_redis.png 1x,
/static/fbac36fd93edb3e3a6677dc71b2d131c/e5b88/toolbox_redis.png 1.5x,
/static/fbac36fd93edb3e3a6677dc71b2d131c/88b72/toolbox_redis.png 2x"
                  style={
                    Object {
                      "height": "100%",
                      "left": 0,
                      "objectFit": "cover",
                      "objectPosition": "center",
                      "opacity": 0,
                      "position": "absolute",
                      "top": 0,
                      "transition": "opacity 500ms",
                      "width": "100%",
                    }
                  }
                  width={48}
                />
              </picture>
              <noscript
                dangerouslySetInnerHTML={
                  Object {
                    "__html": "<picture><source srcset=\\"/static/fbac36fd93edb3e3a6677dc71b2d131c/aff39/toolbox_redis.png 1x,
/static/fbac36fd93edb3e3a6677dc71b2d131c/e5b88/toolbox_redis.png 1.5x,
/static/fbac36fd93edb3e3a6677dc71b2d131c/88b72/toolbox_redis.png 2x\\" /><img loading=\\"lazy\\" width=\\"48\\" height=\\"48\\" srcset=\\"/static/fbac36fd93edb3e3a6677dc71b2d131c/aff39/toolbox_redis.png 1x,
/static/fbac36fd93edb3e3a6677dc71b2d131c/e5b88/toolbox_redis.png 1.5x,
/static/fbac36fd93edb3e3a6677dc71b2d131c/88b72/toolbox_redis.png 2x\\" src=\\"/static/fbac36fd93edb3e3a6677dc71b2d131c/aff39/toolbox_redis.png\\" alt=\\"\\" style=\\"position:absolute;top:0;left:0;opacity:1;width:100%;height:100%;object-fit:cover;object-position:center\\"/></picture>",
                  }
                }
              />
            </div>
          </div>
        </a>
        <span
          className="sc-AxiKw eylVgO"
          color="text"
          fontSize={12}
          fontWeight="bold"
        >
          redis
        </span>
      </div>
      <div
        className="sc-AxjAm hpcBAq"
        display="flex"
      >
        <a
          className="sc-AxjAm sc-AxirZ bcuvrm"
          fontWeight="semi-bold"
          height={48}
          href="https://cloud.google.com"
          rel="noopener noreferrer"
          target="_blank"
        >
          <div
            className="sc-AxjAm bJiOhD"
            width={48}
          >
            <div
              className=" gatsby-image-wrapper"
              style={
                Object {
                  "display": "inline-block",
                  "height": 48,
                  "overflow": "hidden",
                  "position": "relative",
                  "width": 48,
                }
              }
            >
              <img
                alt=""
                aria-hidden={true}
                src="data:image/png;base64,iVBORw0KGgoAAAANSUhEUgAAABQAAAAUCAYAAACNiR0NAAAACXBIWXMAAAsTAAALEwEAmpwYAAAE/0lEQVQ4y1WU+08UVxTHB8VH0v4FJv7Y36oWhV3YXdz3QxEFoVaS2qj9wZqGRIsK1P7QqqgtIqi0aII1bWOsthZtqtZGGqNtlfdjZ4VdRLDBB2FnZpd5LjP3np6Zxaa9yck5dzLnM99zzr3DMLjKmyXTMRsapRzTx6aMBXWX1CWfXFEXH7ysLq7/Xl1cd0lBky2/51tlyfCkvsB8131YtHJCx0WLwbzbmg2qzsgLTf/eV3Jg6xl5dMtpOfH2KTle0SInNjfLibKTaE1yYmOTFC89ISVKG6XR8pNSwMzBvZVb2YLCVn2YYLafUyxoLapCyNg75wAqTmeg8oyOXofyUzqUteiwCa20WYeSRgVKWwBKjqfHfjh0fomZ6/oaGGDmV9mJWesLqKp+SxvA5mYps6lJJsFjMgmg+Y/KxNsgE88RmbgPS8TTSIi7CTK+VgBHK9SbudU1dywG420Aqwc7WmeWIzhV3qJB6QmZVLVK9IvrIv38ugjHr4n0mGkdIjR0iLTu4B26v/oq2b/3F/i4+krqp+17l5uMi9vrc5izF7+xyCVHufbyFgJlTZKOyuDS/VlKNR7EWcGQRUFX0OR00tAMDSYufEmj9jcg4c/Tp4JrgI04201G1LUqq/L3a58Vbj6UgMgRnoYa0nT3eYlyvACCwBNVy8DcnA5zugGKogIvpIyZJAe9O6tozLOGxsMOmggVQnyjt/BVCxmI+Tq/u3gWiurTeugIB52DKdAknsiKBslk8v709PROtF0YD6iyDClVMyZ/uwW9a1dDIuzQn61zQiLi6rRg+kD5VhiLgPRwo1FS20NrLghUEXlDQ2Ucx91l/rNisdjrCI3KkgSCJBmxA9V02LGCJsJO41nEBY83eLYyMBCZhOH1AGwxufXjp/AgJlFV4gw1C6wyQQhZivHS+fgjYhggiJL+cmiQDq8rhkd+G5kIFcFY2DHJ0L7AOETDQPuDBAZDIL3spVxKMTIZFXsoWED0S3met4Do91pASdKn+nvoUNgJj3x28gSBowH7OEO6/ZXwyASGDOh1UY2twYGIWDIOgOf/V7KqKK/hs6iCJXOzohHd8wFlseTRkMN4GnZA1G+vtF6kvf7bMGqp1KHHBbNPbwCXUomqSCb0PircgbYL4wETltI0Y+LGdRh2vQXxYJE+FXHCSMB++98vky5fPu3zA/QHAfqKqT64jfLJaYQJRNMU0PU5MNAUWTLbYMxMT0N0WwUdWbuaxrHUeMAOQz5bfvbIDPoXZlV622AsNK+yEKTH7XRGMIDj00YSW4Bt0JPJtCFkCIy1t1G26E3ryLzAI4NDaTMZE8HChajOY109/YF7Ge3zcjCESvvchPSvh2RXHX3+Ry28+LOWPr93gD67tx+edtRQdoMX4r4CMm4Owm/j+rz5y0zGsK8gZ76HXksl6fbsQ/2A+4wJpV02otwtIOKdNSR9M4+kbq4kE7tXkNFiG8HbkXmBg0B1+8zchN+WvXYQDTDGX24rlm45FtEezwg8xl6aSln0UbRuH0CXB+QLxTAZcsIEXrUklorqRq468xaZuf3eAubvIN4+40EWhuqsPzB56HbTbs8Qgll8xhoP3ezcvWJW7XSw4+/bWNZlY0cCNhaVDWGJVnLMZ7NyBxD6quSs2n5vzqvJy786Fok/F+YKl/NzUz+tyn1SuyK3lVmZe6UiL7fDnlVlricBu5UT99us/T/VfKFbKqs1JAAAAABJRU5ErkJggg=="
                style={
                  Object {
                    "height": "100%",
                    "left": 0,
                    "objectFit": "cover",
                    "objectPosition": "center",
                    "opacity": 1,
                    "position": "absolute",
                    "top": 0,
                    "transitionDelay": "500ms",
                    "width": "100%",
                  }
                }
              />
              <picture>
                <source
                  srcSet="/static/4b24a385571a8fae8af5518887f7f35d/aff39/toolbox_gcp.png 1x,
/static/4b24a385571a8fae8af5518887f7f35d/e5b88/toolbox_gcp.png 1.5x,
/static/4b24a385571a8fae8af5518887f7f35d/88b72/toolbox_gcp.png 2x"
                />
                <img
                  alt=""
                  height={48}
                  loading="lazy"
                  onLoad={[Function]}
                  src="/static/4b24a385571a8fae8af5518887f7f35d/aff39/toolbox_gcp.png"
                  srcSet="/static/4b24a385571a8fae8af5518887f7f35d/aff39/toolbox_gcp.png 1x,
/static/4b24a385571a8fae8af5518887f7f35d/e5b88/toolbox_gcp.png 1.5x,
/static/4b24a385571a8fae8af5518887f7f35d/88b72/toolbox_gcp.png 2x"
                  style={
                    Object {
                      "height": "100%",
                      "left": 0,
                      "objectFit": "cover",
                      "objectPosition": "center",
                      "opacity": 0,
                      "position": "absolute",
                      "top": 0,
                      "transition": "opacity 500ms",
                      "width": "100%",
                    }
                  }
                  width={48}
                />
              </picture>
              <noscript
                dangerouslySetInnerHTML={
                  Object {
                    "__html": "<picture><source srcset=\\"/static/4b24a385571a8fae8af5518887f7f35d/aff39/toolbox_gcp.png 1x,
/static/4b24a385571a8fae8af5518887f7f35d/e5b88/toolbox_gcp.png 1.5x,
/static/4b24a385571a8fae8af5518887f7f35d/88b72/toolbox_gcp.png 2x\\" /><img loading=\\"lazy\\" width=\\"48\\" height=\\"48\\" srcset=\\"/static/4b24a385571a8fae8af5518887f7f35d/aff39/toolbox_gcp.png 1x,
/static/4b24a385571a8fae8af5518887f7f35d/e5b88/toolbox_gcp.png 1.5x,
/static/4b24a385571a8fae8af5518887f7f35d/88b72/toolbox_gcp.png 2x\\" src=\\"/static/4b24a385571a8fae8af5518887f7f35d/aff39/toolbox_gcp.png\\" alt=\\"\\" style=\\"position:absolute;top:0;left:0;opacity:1;width:100%;height:100%;object-fit:cover;object-position:center\\"/></picture>",
                  }
                }
              />
            </div>
          </div>
        </a>
        <span
          className="sc-AxiKw eylVgO"
          color="text"
          fontSize={12}
          fontWeight="bold"
        >
          gcp
        </span>
      </div>
      <div
        className="sc-AxjAm hpcBAq"
        display="flex"
      >
        <a
          className="sc-AxjAm sc-AxirZ bcuvrm"
          fontWeight="semi-bold"
          height={48}
          href="https://www.raspberrypi.org"
          rel="noopener noreferrer"
          target="_blank"
        >
          <div
            className="sc-AxjAm bJiOhD"
            width={48}
          >
            <div
              className=" gatsby-image-wrapper"
              style={
                Object {
                  "display": "inline-block",
                  "height": 48,
                  "overflow": "hidden",
                  "position": "relative",
                  "width": 48,
                }
              }
            >
              <img
                alt=""
                aria-hidden={true}
                src="data:image/png;base64,iVBORw0KGgoAAAANSUhEUgAAABQAAAAUCAYAAACNiR0NAAAACXBIWXMAAAsTAAALEwEAmpwYAAAEPUlEQVQ4y3VUbUxbZRS+n+1tb2+/LlAYlNKWQimMYingGLAiakHNPrJN0C36wxJ/OLf5BQ7GQrJlybKYDDOTaYZfGUZj8GObm3GJMZli/NhQl6g/TIy6+MeZuF8k5d73eM61LYzMNzm5p+97nuc95znnLcetLEGU+Ae9AfmdcJt6vfFO7Z+qeuUK7j9bOBfRJiqjyncNXdpNjPndWynPIWYbt3rxAscX3HCswwV7X4vBU2ca4Pn5Jhh7Nw47JoLg1qWjmi7N7JwMWnvj83ErhmLr0y4DsRVWRsTF8yVCvSXjuXHwfILtOR0zdx0OsdEXI8axhVaWGvIZaOzYQtIcnYkYdPbkbMw4eC4B6/s9fyBWs5IrMm3Yrgv0dbjFudxMBA5daM7ve70BtjxdDcNTQdbYoUG8S2Pk0x6dUUzuRAQQc4qwLf0eYXXlxR+x+nbXX3tfjcHkxYQ5fakZmnrdgPuMLNHnBtqbuths7JttAIyl7IJF9bg1Syx8m9Qa8UZ2pBJSGZ+pyCLcJQegVy4HmyxAut9n9g2Xg7NG/BNj69YktMJ9yN5i3aCIwvR+uRHek3tZmvOzl1xpuOIfhG/9WTiu3gE7uVr2ltTNBvgAQ9wYYWycwGO3/+PSeInz8HIx3WTOEYVrZfdBvxIwEQD7nUju6YX30cbVBLhECQ5oCXNRH4Q2yUdSxAgoY0ukVVVLhe/uEXsttEs+o0cuZye0FKML3LwE6wQHTKktMOvuYpvt1ewRJWxskitI361rOEq061KS70cCdkm6iWWyy7674ZqO2aKGW+01lv+ZbwC+8WcZamq2S36IiK5FxJaVuLK2KktQlRNfPufdBI876vOTajMs+O6BD719ln4PKSHYrdTBVfRp73O86LDaCqe0jvxxVxtl+QJxBARFLHW4Q/JfJcA2e42JurEf9CFGpBe8GfDxMpYtW2Rf+e+lTNmoI8om1IRxydsPCidcLon3sTdjlRwUnB+cRUBIUJdRYDjqSlq22VYNOSUKSABYDYw5m2CPI0ZZwYg9tHxSS5N/hjjiolugASrOUE9UdMEWew3rlsusQXZyIpx2d1plk73p3gB0GZ0dcCbYM844Zm+jt5y6ZR6h9yZXaP0CZgyL/kFj2F7L1kse9iWW+BFqex6NJMjIFeyI2sp+0u835tzdgAyfEHa7PchbbC6cHixXLBAeQaEpmyUkZth1a0zwAsvIxzKp0+xrf3ZpRmunbMcJWyU4JLE4MMLK6IQ7Jf3vs1Z3s/kuWTepgMeUCMPuMwyCXUqd8bP+QH7e0wNJyXuduP7vLRe1TIYF9YuNchngGMDDSmgZG8FwlMxHlXAe5w4GsTnYvE+pD7d9yygsd5uDJ8p4+29vezYCjhB87x+CV7ROwHf7C57l1iZCT/iWFRKcpQDYAUVfx06/gS9lacAW+BV/Txf/TCH4XImsQlBKPP8COVSY3NNmVuQAAAAASUVORK5CYII="
                style={
                  Object {
                    "height": "100%",
                    "left": 0,
                    "objectFit": "cover",
                    "objectPosition": "center",
                    "opacity": 1,
                    "position": "absolute",
                    "top": 0,
                    "transitionDelay": "500ms",
                    "width": "100%",
                  }
                }
              />
              <picture>
                <source
                  srcSet="/static/48ba4ba9da9380eda979039a7ccace73/aff39/toolbox_raspberrypi.png 1x,
/static/48ba4ba9da9380eda979039a7ccace73/e5b88/toolbox_raspberrypi.png 1.5x,
/static/48ba4ba9da9380eda979039a7ccace73/88b72/toolbox_raspberrypi.png 2x"
                />
                <img
                  alt=""
                  height={48}
                  loading="lazy"
                  onLoad={[Function]}
                  src="/static/48ba4ba9da9380eda979039a7ccace73/aff39/toolbox_raspberrypi.png"
                  srcSet="/static/48ba4ba9da9380eda979039a7ccace73/aff39/toolbox_raspberrypi.png 1x,
/static/48ba4ba9da9380eda979039a7ccace73/e5b88/toolbox_raspberrypi.png 1.5x,
/static/48ba4ba9da9380eda979039a7ccace73/88b72/toolbox_raspberrypi.png 2x"
                  style={
                    Object {
                      "height": "100%",
                      "left": 0,
                      "objectFit": "cover",
                      "objectPosition": "center",
                      "opacity": 0,
                      "position": "absolute",
                      "top": 0,
                      "transition": "opacity 500ms",
                      "width": "100%",
                    }
                  }
                  width={48}
                />
              </picture>
              <noscript
                dangerouslySetInnerHTML={
                  Object {
                    "__html": "<picture><source srcset=\\"/static/48ba4ba9da9380eda979039a7ccace73/aff39/toolbox_raspberrypi.png 1x,
/static/48ba4ba9da9380eda979039a7ccace73/e5b88/toolbox_raspberrypi.png 1.5x,
/static/48ba4ba9da9380eda979039a7ccace73/88b72/toolbox_raspberrypi.png 2x\\" /><img loading=\\"lazy\\" width=\\"48\\" height=\\"48\\" srcset=\\"/static/48ba4ba9da9380eda979039a7ccace73/aff39/toolbox_raspberrypi.png 1x,
/static/48ba4ba9da9380eda979039a7ccace73/e5b88/toolbox_raspberrypi.png 1.5x,
/static/48ba4ba9da9380eda979039a7ccace73/88b72/toolbox_raspberrypi.png 2x\\" src=\\"/static/48ba4ba9da9380eda979039a7ccace73/aff39/toolbox_raspberrypi.png\\" alt=\\"\\" style=\\"position:absolute;top:0;left:0;opacity:1;width:100%;height:100%;object-fit:cover;object-position:center\\"/></picture>",
                  }
                }
              />
            </div>
          </div>
        </a>
        <span
          className="sc-AxiKw eylVgO"
          color="text"
          fontSize={12}
          fontWeight="bold"
        >
          rpi
        </span>
      </div>
    </div>
  </div>
</section>
`;
