// Jest Snapshot v1, https://goo.gl/fbAQLP

exports[`components/sections/Header Test Suite matches snapshot 1`] = `
Array [
  <div
    className="sc-AxjAm gwsCit"
    display={
      Object {
        "_": "none",
        "tablet": "inline-block",
      }
    }
  >
    <button
      className="sc-AxjAm sc-AxirZ klyYhV"
      onClick={[Function]}
    >
      <svg
        className="sc-AxiKw jLREbQ"
        fill="white"
        viewBox="0 0 24 24"
        xmlns="http://www.w3.org/2000/svg"
      >
        <path
          d="M3 18h18v-2H3v2zm0-5h18v-2H3v2zm0-7v2h18V6H3z"
        />
      </svg>
    </button>
  </div>,
  <header
    className="sc-AxjAm emuCQU"
    color="white"
    display="flex"
    fontFamily="title"
    height={
      Object {
        "_": 168,
        "tablet": 96,
      }
    }
    width="100%"
  >
    <div
      className="sc-AxjAm ksZfWg"
      display="flex"
      width="100%"
    >
      <div
        className="sc-AxjAm hkypPr"
        display="flex"
      >
        <span
          className="sc-AxhCb folTfX"
          fontSize={32}
          letterSpacing={-2}
        >
          Jeremie Rodriguez
        </span>
      </div>
      <div
        className="sc-AxjAm enTfgo"
        display="flex"
      >
        <div
          className="sc-AxjAm ggaXpg"
          display="flex"
        >
          <div
            className="sc-AxjAm deKSuC"
            width={
              Object {
                "_": 40,
                "tablet": 48,
              }
            }
          >
            <div
              className=" gatsby-image-wrapper"
              style={
                Object {
                  "maxHeight": null,
                  "maxWidth": null,
                  "overflow": "hidden",
                  "position": "relative",
                }
              }
            >
              <div
                aria-hidden={true}
                style={
                  Object {
                    "paddingBottom": "65.5%",
                    "width": "100%",
                  }
                }
              />
              <img
                alt=""
                aria-hidden={true}
                src="data:image/png;base64,iVBORw0KGgoAAAANSUhEUgAAABQAAAANCAYAAACpUE5eAAAACXBIWXMAAA3XAAAN1wFCKJt4AAAAkklEQVQ4y+2TsQ6CMBRF+1VODDQmJSJuNP6Lg7uTkwv4H/4XfQSMzbu00hpnYIPh5G4nZ3hPSFW1MquRqor97g9P7JIHLtcXrO1hDIGI0HqMAVmLz+0OyAJ8OgNH7Sh5XN0IL3Fw2IlCR66/UpGqIJtVqGMhx0LMLgxswrUIefyUetE75AUKORa+/6WThPnvl7sBgGbplMv6i1kAAAAASUVORK5CYII="
                style={
                  Object {
                    "borderRadius": 4,
                    "height": "100%",
                    "left": 0,
                    "objectFit": "cover",
                    "objectPosition": "center",
                    "opacity": 1,
                    "position": "absolute",
                    "top": 0,
                    "transitionDelay": "500ms",
                    "width": "100%",
                  }
                }
              />
              <picture>
                <source
                  sizes="(max-width: 512px) 100vw, 512px"
                  srcSet="/static/4ab94476b33b6da83177b2ad7f0aa6cd/69585/flag_france.png 200w,
/static/4ab94476b33b6da83177b2ad7f0aa6cd/497c6/flag_france.png 400w,
/static/4ab94476b33b6da83177b2ad7f0aa6cd/bc59e/flag_france.png 512w"
                />
                <img
                  alt=""
                  loading="lazy"
                  onLoad={[Function]}
                  sizes="(max-width: 512px) 100vw, 512px"
                  src="/static/4ab94476b33b6da83177b2ad7f0aa6cd/bc59e/flag_france.png"
                  srcSet="/static/4ab94476b33b6da83177b2ad7f0aa6cd/69585/flag_france.png 200w,
/static/4ab94476b33b6da83177b2ad7f0aa6cd/497c6/flag_france.png 400w,
/static/4ab94476b33b6da83177b2ad7f0aa6cd/bc59e/flag_france.png 512w"
                  style={
                    Object {
                      "borderRadius": 4,
                      "height": "100%",
                      "left": 0,
                      "objectFit": "cover",
                      "objectPosition": "center",
                      "opacity": 0,
                      "position": "absolute",
                      "top": 0,
                      "transition": "opacity 500ms",
                      "width": "100%",
                    }
                  }
                />
              </picture>
              <noscript
                dangerouslySetInnerHTML={
                  Object {
                    "__html": "<picture><source srcset=\\"/static/4ab94476b33b6da83177b2ad7f0aa6cd/69585/flag_france.png 200w,
/static/4ab94476b33b6da83177b2ad7f0aa6cd/497c6/flag_france.png 400w,
/static/4ab94476b33b6da83177b2ad7f0aa6cd/bc59e/flag_france.png 512w\\" sizes=\\"(max-width: 512px) 100vw, 512px\\" /><img loading=\\"lazy\\" sizes=\\"(max-width: 512px) 100vw, 512px\\" srcset=\\"/static/4ab94476b33b6da83177b2ad7f0aa6cd/69585/flag_france.png 200w,
/static/4ab94476b33b6da83177b2ad7f0aa6cd/497c6/flag_france.png 400w,
/static/4ab94476b33b6da83177b2ad7f0aa6cd/bc59e/flag_france.png 512w\\" src=\\"/static/4ab94476b33b6da83177b2ad7f0aa6cd/bc59e/flag_france.png\\" alt=\\"\\" style=\\"position:absolute;top:0;left:0;opacity:1;width:100%;height:100%;object-fit:cover;object-position:center\\"/></picture>",
                  }
                }
              />
            </div>
          </div>
          <div
            className="sc-AxjAm jqJTTW"
            display="flex"
          >
            <div
              className="sc-AxjAm UbozS"
              height={
                Object {
                  "_": 12,
                  "tablet": 16,
                }
              }
            >
              <svg
                className="sc-AxjAm eQlzOq"
                height="100%"
                viewBox="0 0 18 18"
              >
                <path
                  d="M9.5 14.25l-5.584 2.936 1.066-6.218L.465 6.564l6.243-.907L9.5 0l2.792 5.657 6.243.907-4.517 4.404 1.066 6.218"
                  fill="white"
                />
              </svg>
            </div>
            <div
              className="sc-AxjAm UbozS"
              height={
                Object {
                  "_": 12,
                  "tablet": 16,
                }
              }
            >
              <svg
                className="sc-AxjAm eQlzOq"
                height="100%"
                viewBox="0 0 18 18"
              >
                <path
                  d="M9.5 14.25l-5.584 2.936 1.066-6.218L.465 6.564l6.243-.907L9.5 0l2.792 5.657 6.243.907-4.517 4.404 1.066 6.218"
                  fill="white"
                />
              </svg>
            </div>
            <div
              className="sc-AxjAm UbozS"
              height={
                Object {
                  "_": 12,
                  "tablet": 16,
                }
              }
            >
              <svg
                className="sc-AxjAm eQlzOq"
                height="100%"
                viewBox="0 0 18 18"
              >
                <path
                  d="M9.5 14.25l-5.584 2.936 1.066-6.218L.465 6.564l6.243-.907L9.5 0l2.792 5.657 6.243.907-4.517 4.404 1.066 6.218"
                  fill="white"
                />
              </svg>
            </div>
            <div
              className="sc-AxjAm UbozS"
              height={
                Object {
                  "_": 12,
                  "tablet": 16,
                }
              }
            >
              <svg
                className="sc-AxjAm eQlzOq"
                height="100%"
                viewBox="0 0 18 18"
              >
                <path
                  d="M9.5 14.25l-5.584 2.936 1.066-6.218L.465 6.564l6.243-.907L9.5 0l2.792 5.657 6.243.907-4.517 4.404 1.066 6.218"
                  fill="white"
                />
              </svg>
            </div>
            <div
              className="sc-AxjAm UbozS"
              height={
                Object {
                  "_": 12,
                  "tablet": 16,
                }
              }
            >
              <svg
                className="sc-AxjAm eQlzOq"
                height="100%"
                viewBox="0 0 18 18"
              >
                <path
                  d="M9.5 14.25l-5.584 2.936 1.066-6.218L.465 6.564l6.243-.907L9.5 0l2.792 5.657 6.243.907-4.517 4.404 1.066 6.218"
                  fill="white"
                />
              </svg>
            </div>
          </div>
        </div>
        <div
          className="sc-AxjAm ftcyfC"
          display="flex"
        >
          <div
            className="sc-AxjAm deKSuC"
            width={
              Object {
                "_": 40,
                "tablet": 48,
              }
            }
          >
            <div
              className=" gatsby-image-wrapper"
              style={
                Object {
                  "maxHeight": null,
                  "maxWidth": null,
                  "overflow": "hidden",
                  "position": "relative",
                }
              }
            >
              <div
                aria-hidden={true}
                style={
                  Object {
                    "paddingBottom": "65.5%",
                    "width": "100%",
                  }
                }
              />
              <img
                alt=""
                aria-hidden={true}
                src="data:image/png;base64,iVBORw0KGgoAAAANSUhEUgAAABQAAAANCAYAAACpUE5eAAAACXBIWXMAAA3XAAAN1wFCKJt4AAABvUlEQVQ4y6WS204aURSG97t5aPEMHhjQHkbRwNARGKxWe9X0LVoj1mNQOfSiXpjY2F4bFRlAi9rUJ2hSwlAL63fNYJtY42D04suXvZL95187W3T0xIzWtlm0dc1Rs+M9tffEqOnRO+I5NbNbnAv0xRUleJ7QH/cwkVu+iSTXIMkgafiXkJ6uIjCeIr+awqiSgBJKwxdIIMj2v0hiyLeGzcWvwPciStkCyvmbGHVTJX8E4XIvEgdyyAaNBRPEoXXzWVGT1C+v05b8lqC9pIvQK6qGpm4D1fAUiT7PElTtIwLcUAmlzLb/PM5zz/M4Nue2gYKO0u4BjD17rEC/msQor2muPKbUbRIIJjAwsgFuCG4Ibmi2sEX0e7lhJM0NkxYKN/trNZyGV47j0/wOcHKMUkZHOZuzRfQNrqC9dwFOaQkO5wf0epfxuHse5tzRHUPnYByfn70Bp+NCmUAtGLVFnBXOcZL7gSJzmj9HUb/ub+yf+hEqmSzKhzqMBgiEJ4HIf4SvmyL8dpHpOyHKu/tohGGxd2V7RDX6mhhc+SFYGaJS/z/U6H/dATKzRFWb+W3tr00T+37w3ZrGGdGZyiUR4g0/JICeugAAAABJRU5ErkJggg=="
                style={
                  Object {
                    "borderRadius": 4,
                    "height": "100%",
                    "left": 0,
                    "objectFit": "cover",
                    "objectPosition": "center",
                    "opacity": 1,
                    "position": "absolute",
                    "top": 0,
                    "transitionDelay": "500ms",
                    "width": "100%",
                  }
                }
              />
              <picture>
                <source
                  sizes="(max-width: 512px) 100vw, 512px"
                  srcSet="/static/940a9bffd9cca715ab6601a2b6504e1b/69585/flag_usa.png 200w,
/static/940a9bffd9cca715ab6601a2b6504e1b/497c6/flag_usa.png 400w,
/static/940a9bffd9cca715ab6601a2b6504e1b/bc59e/flag_usa.png 512w"
                />
                <img
                  alt=""
                  loading="lazy"
                  onLoad={[Function]}
                  sizes="(max-width: 512px) 100vw, 512px"
                  src="/static/940a9bffd9cca715ab6601a2b6504e1b/bc59e/flag_usa.png"
                  srcSet="/static/940a9bffd9cca715ab6601a2b6504e1b/69585/flag_usa.png 200w,
/static/940a9bffd9cca715ab6601a2b6504e1b/497c6/flag_usa.png 400w,
/static/940a9bffd9cca715ab6601a2b6504e1b/bc59e/flag_usa.png 512w"
                  style={
                    Object {
                      "borderRadius": 4,
                      "height": "100%",
                      "left": 0,
                      "objectFit": "cover",
                      "objectPosition": "center",
                      "opacity": 0,
                      "position": "absolute",
                      "top": 0,
                      "transition": "opacity 500ms",
                      "width": "100%",
                    }
                  }
                />
              </picture>
              <noscript
                dangerouslySetInnerHTML={
                  Object {
                    "__html": "<picture><source srcset=\\"/static/940a9bffd9cca715ab6601a2b6504e1b/69585/flag_usa.png 200w,
/static/940a9bffd9cca715ab6601a2b6504e1b/497c6/flag_usa.png 400w,
/static/940a9bffd9cca715ab6601a2b6504e1b/bc59e/flag_usa.png 512w\\" sizes=\\"(max-width: 512px) 100vw, 512px\\" /><img loading=\\"lazy\\" sizes=\\"(max-width: 512px) 100vw, 512px\\" srcset=\\"/static/940a9bffd9cca715ab6601a2b6504e1b/69585/flag_usa.png 200w,
/static/940a9bffd9cca715ab6601a2b6504e1b/497c6/flag_usa.png 400w,
/static/940a9bffd9cca715ab6601a2b6504e1b/bc59e/flag_usa.png 512w\\" src=\\"/static/940a9bffd9cca715ab6601a2b6504e1b/bc59e/flag_usa.png\\" alt=\\"\\" style=\\"position:absolute;top:0;left:0;opacity:1;width:100%;height:100%;object-fit:cover;object-position:center\\"/></picture>",
                  }
                }
              />
            </div>
          </div>
          <div
            className="sc-AxjAm jqJTTW"
            display="flex"
          >
            <div
              className="sc-AxjAm UbozS"
              height={
                Object {
                  "_": 12,
                  "tablet": 16,
                }
              }
            >
              <svg
                className="sc-AxjAm eQlzOq"
                height="100%"
                viewBox="0 0 18 18"
              >
                <path
                  d="M9.5 14.25l-5.584 2.936 1.066-6.218L.465 6.564l6.243-.907L9.5 0l2.792 5.657 6.243.907-4.517 4.404 1.066 6.218"
                  fill="white"
                />
              </svg>
            </div>
            <div
              className="sc-AxjAm UbozS"
              height={
                Object {
                  "_": 12,
                  "tablet": 16,
                }
              }
            >
              <svg
                className="sc-AxjAm eQlzOq"
                height="100%"
                viewBox="0 0 18 18"
              >
                <path
                  d="M9.5 14.25l-5.584 2.936 1.066-6.218L.465 6.564l6.243-.907L9.5 0l2.792 5.657 6.243.907-4.517 4.404 1.066 6.218"
                  fill="white"
                />
              </svg>
            </div>
            <div
              className="sc-AxjAm UbozS"
              height={
                Object {
                  "_": 12,
                  "tablet": 16,
                }
              }
            >
              <svg
                className="sc-AxjAm eQlzOq"
                height="100%"
                viewBox="0 0 18 18"
              >
                <path
                  d="M9.5 14.25l-5.584 2.936 1.066-6.218L.465 6.564l6.243-.907L9.5 0l2.792 5.657 6.243.907-4.517 4.404 1.066 6.218"
                  fill="white"
                />
              </svg>
            </div>
            <div
              className="sc-AxjAm UbozS"
              height={
                Object {
                  "_": 12,
                  "tablet": 16,
                }
              }
            >
              <svg
                className="sc-AxjAm eQlzOq"
                height="100%"
                viewBox="0 0 18 18"
              >
                <path
                  d="M9.5 14.25l-5.584 2.936 1.066-6.218L.465 6.564l6.243-.907L9.5 0l2.792 5.657 6.243.907-4.517 4.404 1.066 6.218"
                  fill="white"
                />
              </svg>
            </div>
            <div
              className="sc-AxjAm UbozS"
              height={
                Object {
                  "_": 12,
                  "tablet": 16,
                }
              }
            >
              <svg
                className="sc-AxjAm eQlzOq"
                height="100%"
                viewBox="0 0 18 18"
              >
                <g>
                  <path
                    d="M9.5 14.25l-5.584 2.936 1.066-6.218L.465 6.564l6.243-.907L9.5 0l2.792 5.657 6.243.907-4.517 4.404 1.066 6.218"
                    fill="grey"
                  />
                  <path
                    d="M9.5,14.25L3.9160000000000004,17.186L4.982,10.968L0.465,6.564L6.708,5.657L9.5,0"
                    fill="white"
                  />
                </g>
              </svg>
            </div>
          </div>
        </div>
        <div
          className="sc-AxjAm ftcyfC"
          display="flex"
        >
          <div
            className="sc-AxjAm deKSuC"
            width={
              Object {
                "_": 40,
                "tablet": 48,
              }
            }
          >
            <div
              className=" gatsby-image-wrapper"
              style={
                Object {
                  "maxHeight": null,
                  "maxWidth": null,
                  "overflow": "hidden",
                  "position": "relative",
                }
              }
            >
              <div
                aria-hidden={true}
                style={
                  Object {
                    "paddingBottom": "65.5%",
                    "width": "100%",
                  }
                }
              />
              <img
                alt=""
                aria-hidden={true}
                src="data:image/png;base64,iVBORw0KGgoAAAANSUhEUgAAABQAAAANCAYAAACpUE5eAAAACXBIWXMAAA3XAAAN1wFCKJt4AAABhUlEQVQ4y42Tu0oDQRSG982SoKAmMWLwiqWFjUUqsdFKwULEyoewsLBQRBtRLAQb8YqgxCcIm7nsdX7nzGTX3WQTUvzMcGb45j/nzHEYY1wIAb0qzjmMGDNiyb7btcrGSMl9zpWUklbXIRgFCmEaQisLQ7BIi+72YkVQYjkZZ2oAFkXgrgvx9gHx+g7e6YDFURE0ZTiZF/pgIeTjE+KNFjDdBKbmEa9vQt49mLMcNMPIAVNYEEB8fkHNrQKVOlR9yQgTs0B1AfL5xZQhhQ4DJg1gKkZwfAKUZgxU1Rat6IFSFeH+obnD3e5oh2kNPQ/R1i4w2bDuEiC51LGotT1eyqlDXfjw4Ago16AaKyZNktnrEkQ7e2kdxwPq7lJDyA01g0CqsWybU6nBu73Xj9qUR9aQ5aAhvPMLqOaacYpy1dTQPz3TDQn+3RU4zP3D7P+i1EX7F97VDbzLa4jvH/sP+ycp+w+LJiXn1PfAACvfHxzB/knRGz91OGT8aFqMhowdTVvPmPwDhlG0EBO+DacAAAAASUVORK5CYII="
                style={
                  Object {
                    "borderRadius": 4,
                    "height": "100%",
                    "left": 0,
                    "objectFit": "cover",
                    "objectPosition": "center",
                    "opacity": 1,
                    "position": "absolute",
                    "top": 0,
                    "transitionDelay": "500ms",
                    "width": "100%",
                  }
                }
              />
              <picture>
                <source
                  sizes="(max-width: 512px) 100vw, 512px"
                  srcSet="/static/c5bc9cc27f496ada75b2f98d7ea04ad1/69585/flag_japan.png 200w,
/static/c5bc9cc27f496ada75b2f98d7ea04ad1/497c6/flag_japan.png 400w,
/static/c5bc9cc27f496ada75b2f98d7ea04ad1/bc59e/flag_japan.png 512w"
                />
                <img
                  alt=""
                  loading="lazy"
                  onLoad={[Function]}
                  sizes="(max-width: 512px) 100vw, 512px"
                  src="/static/c5bc9cc27f496ada75b2f98d7ea04ad1/bc59e/flag_japan.png"
                  srcSet="/static/c5bc9cc27f496ada75b2f98d7ea04ad1/69585/flag_japan.png 200w,
/static/c5bc9cc27f496ada75b2f98d7ea04ad1/497c6/flag_japan.png 400w,
/static/c5bc9cc27f496ada75b2f98d7ea04ad1/bc59e/flag_japan.png 512w"
                  style={
                    Object {
                      "borderRadius": 4,
                      "height": "100%",
                      "left": 0,
                      "objectFit": "cover",
                      "objectPosition": "center",
                      "opacity": 0,
                      "position": "absolute",
                      "top": 0,
                      "transition": "opacity 500ms",
                      "width": "100%",
                    }
                  }
                />
              </picture>
              <noscript
                dangerouslySetInnerHTML={
                  Object {
                    "__html": "<picture><source srcset=\\"/static/c5bc9cc27f496ada75b2f98d7ea04ad1/69585/flag_japan.png 200w,
/static/c5bc9cc27f496ada75b2f98d7ea04ad1/497c6/flag_japan.png 400w,
/static/c5bc9cc27f496ada75b2f98d7ea04ad1/bc59e/flag_japan.png 512w\\" sizes=\\"(max-width: 512px) 100vw, 512px\\" /><img loading=\\"lazy\\" sizes=\\"(max-width: 512px) 100vw, 512px\\" srcset=\\"/static/c5bc9cc27f496ada75b2f98d7ea04ad1/69585/flag_japan.png 200w,
/static/c5bc9cc27f496ada75b2f98d7ea04ad1/497c6/flag_japan.png 400w,
/static/c5bc9cc27f496ada75b2f98d7ea04ad1/bc59e/flag_japan.png 512w\\" src=\\"/static/c5bc9cc27f496ada75b2f98d7ea04ad1/bc59e/flag_japan.png\\" alt=\\"\\" style=\\"position:absolute;top:0;left:0;opacity:1;width:100%;height:100%;object-fit:cover;object-position:center\\"/></picture>",
                  }
                }
              />
            </div>
          </div>
          <div
            className="sc-AxjAm jqJTTW"
            display="flex"
          >
            <div
              className="sc-AxjAm UbozS"
              height={
                Object {
                  "_": 12,
                  "tablet": 16,
                }
              }
            >
              <svg
                className="sc-AxjAm eQlzOq"
                height="100%"
                viewBox="0 0 18 18"
              >
                <path
                  d="M9.5 14.25l-5.584 2.936 1.066-6.218L.465 6.564l6.243-.907L9.5 0l2.792 5.657 6.243.907-4.517 4.404 1.066 6.218"
                  fill="white"
                />
              </svg>
            </div>
            <div
              className="sc-AxjAm UbozS"
              height={
                Object {
                  "_": 12,
                  "tablet": 16,
                }
              }
            >
              <svg
                className="sc-AxjAm eQlzOq"
                height="100%"
                viewBox="0 0 18 18"
              >
                <path
                  d="M9.5 14.25l-5.584 2.936 1.066-6.218L.465 6.564l6.243-.907L9.5 0l2.792 5.657 6.243.907-4.517 4.404 1.066 6.218"
                  fill="white"
                />
              </svg>
            </div>
            <div
              className="sc-AxjAm UbozS"
              height={
                Object {
                  "_": 12,
                  "tablet": 16,
                }
              }
            >
              <svg
                className="sc-AxjAm eQlzOq"
                height="100%"
                viewBox="0 0 18 18"
              >
                <path
                  d="M9.5 14.25l-5.584 2.936 1.066-6.218L.465 6.564l6.243-.907L9.5 0l2.792 5.657 6.243.907-4.517 4.404 1.066 6.218"
                  fill="white"
                />
              </svg>
            </div>
            <div
              className="sc-AxjAm UbozS"
              height={
                Object {
                  "_": 12,
                  "tablet": 16,
                }
              }
            >
              <svg
                className="sc-AxjAm eQlzOq"
                height="100%"
                viewBox="0 0 18 18"
              >
                <path
                  d="M9.5 14.25l-5.584 2.936 1.066-6.218L.465 6.564l6.243-.907L9.5 0l2.792 5.657 6.243.907-4.517 4.404 1.066 6.218"
                  fill="grey"
                />
              </svg>
            </div>
            <div
              className="sc-AxjAm UbozS"
              height={
                Object {
                  "_": 12,
                  "tablet": 16,
                }
              }
            >
              <svg
                className="sc-AxjAm eQlzOq"
                height="100%"
                viewBox="0 0 18 18"
              >
                <path
                  d="M9.5 14.25l-5.584 2.936 1.066-6.218L.465 6.564l6.243-.907L9.5 0l2.792 5.657 6.243.907-4.517 4.404 1.066 6.218"
                  fill="grey"
                />
              </svg>
            </div>
          </div>
        </div>
      </div>
    </div>
    <div
      className="sc-AxjAm ddUQGN"
      display={
        Object {
          "_": "block",
          "tablet": "none",
        }
      }
      height={64}
      width={64}
    >
      <button
        className="sc-AxjAm sc-AxirZ bydKTu"
        height="100%"
        onClick={[Function]}
        onMouseEnter={[Function]}
        onMouseLeave={[Function]}
        width="100%"
      >
        <svg
          className="sc-AxiKw jxzaqN"
          fill="white"
          height={24}
          viewBox="0 0 24 24"
          width={24}
          xmlns="http://www.w3.org/2000/svg"
        >
          <path
            d="M3 18h18v-2H3v2zm0-5h18v-2H3v2zm0-7v2h18V6H3z"
          />
        </svg>
      </button>
    </div>
  </header>,
]
`;
