// Jest Snapshot v1, https://goo.gl/fbAQLP

exports[`components/svg Test Suite components/svg/ChevronBottom Test Suite matches snapshot 1`] = `
<svg
  viewBox="0 0 24 24"
>
  <path
    d="M16.59 5.795L12 10.385l-4.59-4.59L6 7.205l6 6 6-6-1.41-1.41zM18 16.205v2H6v-2h12z"
  />
</svg>
`;

exports[`components/svg Test Suite components/svg/ChevronTop Test Suite matches snapshot 1`] = `
<svg
  viewBox="0 0 24 24"
>
  <path
    d="M7.41 18.205l4.59-4.59 4.59 4.59 1.41-1.41-6-6-6 6 1.41 1.41zM6 7.795v-2h12v2H6z"
  />
</svg>
`;

exports[`components/svg Test Suite components/svg/Heart Test Suite matches snapshot 1`] = `
<svg
  fill="#fff"
  viewBox="0 0 455 455"
>
  <path
    d="M455.111 164.089c0 137.956-163.556 228.978-213.333 253.156-8.533 4.267-19.911 4.267-28.444 0C163.556 393.067 0 304.889 0 164.089 0 92.978 52.622 34.667 116.622 34.667c51.2 0 93.867 35.556 109.511 85.333 15.644-49.778 59.733-85.333 109.511-85.333 66.845 0 119.467 58.311 119.467 129.422z"
    fill="#f44336"
  />
  <path
    d="M455.111 164.089c0 137.956-163.556 228.978-213.333 253.156-8.533 4.267-19.911 4.267-29.867 0-22.756-9.956-65.422-34.133-108.089-68.267h1.422c135.111 0 243.2-109.511 243.2-243.2 0-24.178-4.267-48.356-11.378-71.111 66.845 1.422 118.045 58.311 118.045 129.422z"
    fill="#e53935"
  />
  <path
    d="M109.511 142.756c-22.756 5.689-44.089-2.844-48.356-18.489-2.844-17.067 11.378-34.134 34.134-39.823s44.089 2.844 48.356 18.489c4.266 17.067-11.378 34.134-34.134 39.823z"
    fill="#fff"
    opacity="0.2"
  />
</svg>
`;

exports[`components/svg Test Suite components/svg/Menu Test Suite matches snapshot 1`] = `
<svg
  viewBox="0 0 24 24"
>
  <path
    d="M3 18h18v-2H3v2zm0-5h18v-2H3v2zm0-7v2h18V6H3z"
  />
</svg>
`;

exports[`components/svg Test Suite components/svg/contacts Test Suite components/svg/contacts/Email Test Suite matches snapshot 1`] = `
<svg
  viewBox="0 0 512 512"
>
  <path
    d="M257 210c-24.814 0-45 20.186-45 45s20.186 45 45 45 45-20.186 45-45-20.186-45-45-45z"
  />
  <path
    d="M255 0C114.39 0 0 114.39 0 255s114.39 257 255 257 257-116.39 257-257S395.61 0 255 0zm107 330c-20.273 0-38.152-10.161-49.017-25.596C299.23 319.971 279.354 330 257 330c-41.353 0-75-33.647-75-75s33.647-75 75-75c16.948 0 32.426 5.865 45 15.383V195c0-8.291 6.709-15 15-15s15 6.709 15 15v75c0 16.538 13.462 30 30 30s30-13.462 30-30c0-100.391-66.432-150-135-150-74.443 0-135 60.557-135 135s60.557 135 135 135c30 0 58.374-9.609 82.061-27.803 15.822-12.078 33.94 11.765 18.281 23.789C328.353 408.237 293.665 420 257 420c-90.981 0-165-74.019-165-165S166.019 90 257 90c82.897 0 165 61.135 165 180 0 33.091-26.909 60-60 60z"
  />
</svg>
`;

exports[`components/svg Test Suite components/svg/contacts Test Suite components/svg/contacts/Facebook Test Suite matches snapshot 1`] = `
<svg
  viewBox="0 0 512 512"
>
  <path
    d="M512 256C512 114.6 397.4 0 256 0S0 114.6 0 256s114.6 256 256 256c1.5 0 3 0 4.5-.1V312.7h-55v-64.1h55v-47.2c0-54.7 33.4-84.5 82.2-84.5 23.4 0 43.5 1.7 49.3 2.5v57.2h-33.6c-26.5 0-31.7 12.6-31.7 31.1v40.8h63.5l-8.3 64.1h-55.2v189.5C433.7 471.4 512 372.9 512 256z"
  />
</svg>
`;

exports[`components/svg Test Suite components/svg/contacts Test Suite components/svg/contacts/GitHub Test Suite matches snapshot 1`] = `
<svg
  viewBox="0 0 512 512"
>
  <path
    d="M343.718 509.152c-2.493.922-5.001 2.036-7.567 2.497-9.829 1.799-16.12-3.404-16.178-13.705-.13-19.132-.13-38.233.174-57.365.319-22-.174-43.718-16.512-61.869 9.713-1.783 18.353-3.032 26.804-5.024 55.986-13.185 85.067-49.397 88.778-109.497 1.899-30.592-3.421-58.657-23.253-82.754-1.435-1.694-1.507-5.544-.826-8.012 5.277-19.92 3.74-39.378-2.406-58.851-1.523-4.861-4.045-6.362-8.727-6.05-16.44.936-31.502 6.853-44.78 15.95-12.801 8.815-24.718 10.733-39.925 7.165-33.487-7.745-67.192-5.485-100.607 2.453-3.783.921-8.872-.312-12.336-2.393-15.686-9.425-31.371-18.582-49.463-22.239-13.99-2.794-15.207-2.08-18.918 11.788-4.668 17.482-5.132 34.978-.363 52.563.682 2.557-.029 6.66-1.696 8.548-37.068 42.41-23.644 122.548 1.334 153.245 19.425 23.843 45.23 34.576 73.875 40.15 5.001.952 9.974 1.68 14.975 2.572-4.29 11.446-8.147 22.253-12.51 32.882-.856 2.051-3.567 3.775-5.785 4.638-28.094 11.178-52.246 2.958-68.323-23.19-8.596-13.944-19.628-24.364-36.067-27.382-.522-.104-1.059-.386-1.537-.312-4.421 1.19-8.8 2.438-13.206 3.657 2.478 3.538 4.233 8.295 7.552 10.42 13.932 9.038 22.992 21.927 28.98 37.134 9.408 23.843 27.673 34.472 51.404 36.553 11.583.966 23.282.149 35.967.149 0 14.805.522 31.707-.218 48.534-.377 9.068-9.263 12.695-19.904 8.979-28.225-9.9-54.391-24.097-76.992-44.046C13.861 394.26-17.598 303.136 9.526 196.48 36.562 90.163 107.031 24.95 212.393 4.48c145.793-28.274 283.903 80.598 298.37 232.357 11.424 119.634-57.247 231.583-167.045 272.314zM206.275 377.759c-.087.208-.145.357-.232.565.261.045.522.09.797.134.203.015.377.386-.565-.699zm-65.96 47.286c2.276 1.442 4.45 3.27 6.915 4.058.899.298 2.566-1.798 5.509-4.028-4.088-1.59-6.495-2.988-9.032-3.345-.985-.119-2.261 2.156-3.392 3.315zm20.774 3.657c.333 1.56 3.363 3.508 5.146 3.478 1.725-.03 3.407-2.378 5.132-3.716-1.566-1.472-3.131-2.899-7.944-7.343-1.044 3.092-2.769 5.589-2.334 7.58zm25.485-6.288c-2.145.52-3.957 2.557-5.915 3.954 1.146 1.487 2.29 2.869 4.132 5.203 2.537-2.379 4.262-4.029 6.002-5.634-1.45-1.293-3.146-3.79-4.219-3.523zm-63.176-8.815c1.188 2.304 3.03 4.296 5.523 7.551 1.667-2.794 3.479-4.935 3.16-5.366-1.58-2.126-3.726-3.865-5.842-5.455-.145-.12-3.088 2.764-2.841 3.27z"
  />
</svg>
`;

exports[`components/svg Test Suite components/svg/contacts Test Suite components/svg/contacts/GitLab Test Suite matches snapshot 1`] = `
<svg
  viewBox="0 0 512 512"
>
  <path
    d="M256 0A256 256 0 000 256a256 256 0 00256 256 256 256 0 00256-256A256 256 0 00256 0zm109.32422 94.802734c2.76229-.113738 5.58539 1.416019 6.61914 4.597657l38.81641 119.460939 19.58593 60.27344-.00195.00195a13.323818 13.323818 0 01-4.8457 14.91797L255.99414 417.20312 86.488281 294.04883c-.946726-.68776-1.754552-1.51184-2.478515-2.39453a13.309895 13.309895 0 01-2.365235-12.51953l11.382813-35.01758 8.203126-25.25 38.81445-119.455081a6.5045845 6.5045845 0 011.54883-2.490234c2.49213-2.639698 6.74639-2.677427 9.35547-.199219.2506.23947.53476.489708.75195.779297a7.6517972 7.6517972 0 011.03711 2.136719l13.09375 40.548828 25.71875 79.60938h128.88867l38.81836-119.927739c.49565-1.51754 1.39792-3.12406 2.51172-3.892579 1.05637-.73093 2.2991-1.122128 3.55469-1.173828z"
  />
</svg>
`;

exports[`components/svg Test Suite components/svg/contacts Test Suite components/svg/contacts/Instagram Test Suite matches snapshot 1`] = `
<svg
  viewBox="0 0 512 512"
>
  <path
    d="M305 256c0 27.06249-21.93751 49-49 49-27.0625 0-49-21.93751-49-49 0-27.0625 21.9375-49 49-49 27.06249 0 49 21.9375 49 49zm0 0"
  />
  <path
    d="M370.59375 169.30469c-2.35547-6.38283-6.11328-12.16016-10.9961-16.90235-4.74218-4.88281-10.51562-8.64063-16.90234-10.99609-5.17968-2.01172-12.96094-4.40626-27.29298-5.05859-15.50389-.70704-20.15233-.85939-59.40233-.85939-39.25391 0-43.90234.14844-59.40234.85547-14.33204.65625-22.1172 3.05079-27.29297 5.06251-6.38672 2.35546-12.16407 6.11328-16.90235 10.99609-4.88281 4.74219-8.64063 10.51563-11 16.90235-2.01172 5.17968-4.40625 12.96484-5.0586 27.29687-.70703 15.5-.85936 20.14844-.85936 59.40235 0 39.25.15233 43.89842.85936 59.40234.65235 14.33203 3.04688 22.11328 5.0586 27.29296 2.35937 6.38672 6.11328 12.16016 10.99609 16.90235 4.74219 4.88281 10.51563 8.64063 16.90235 10.99609 5.17968 2.01563 12.96484 4.41016 27.29688 5.06251 15.5.70703 20.14452.85545 59.39843.85545 39.25782 0 43.90624-.14842 59.40235-.85545 14.33203-.65235 22.11719-3.04688 27.29687-5.06251 12.82032-4.94532 22.95313-15.07812 27.89844-27.89844 2.01172-5.17968 4.40625-12.96093 5.0625-27.29296.70703-15.50392.85547-20.15234.85547-59.40234 0-39.25391-.14844-43.90235-.85547-59.40235-.65234-14.33203-3.04688-22.11719-5.0625-27.29687zM256 331.48437c-41.69142 0-75.48828-33.79296-75.48828-75.48437 0-41.69142 33.79686-75.48438 75.48828-75.48438 41.68749 0 75.48437 33.79296 75.48437 75.48438 0 41.69141-33.79688 75.48437-75.48437 75.48437zm78.46875-136.31251c-9.74219 0-17.64063-7.89842-17.64063-17.64061 0-9.74219 7.89844-17.64063 17.64063-17.64063 9.74218 0 17.64062 7.89844 17.64062 17.64063-.004 9.74219-7.89844 17.64061-17.64062 17.64061zm0 0"
  />
  <path
    d="M256 .000002C114.63672.000002.000002 114.63672.000002 256S114.63672 512 256 512s256-114.63672 256-256S397.36328.000002 256 .000002zM402.11328 316.60547c-.71095 15.64844-3.19923 26.33202-6.83204 35.68358-7.63672 19.74611-23.24608 35.35547-42.99219 42.99219-9.34764 3.63281-20.03514 6.1172-35.67968 6.83204-15.67578.71484-20.6836.88672-60.60546.88672-39.92578 0-44.92969-.17188-60.60938-.88672-15.64453-.71484-26.33203-3.19923-35.6797-6.83204-9.81249-3.6914-18.6953-9.47656-26.03905-16.95703-7.47656-7.33984-13.26172-16.22656-16.95312-26.03516-3.63282-9.34764-6.1211-20.03514-6.83202-35.67968C109.16797 300.92969 109 295.92188 109 256c0-39.92187.16797-44.9297.88672-60.60547.71094-15.64844 3.19532-26.33203 6.82812-35.68359 3.69141-9.8086 9.48048-18.69532 16.96094-26.03516 7.33984-7.48046 16.22656-13.26562 26.03516-16.95702 9.35156-3.63282 20.03515-6.1172 35.68359-6.83204C211.0703 109.17188 216.07813 109 256 109s44.92969.17188 60.60547.89064c15.64844.71092 26.33202 3.1953 35.68358 6.8242 9.8086 3.69141 18.69532 9.48048 26.03907 16.96094 7.47656 7.34375 13.26563 16.22656 16.95312 26.03516 3.63672 9.35156 6.12109 20.03515 6.83595 35.68359C402.83203 211.0703 403 216.07813 403 256c0 39.92188-.16797 44.92969-.88672 60.60547zm0 0"
  />
</svg>
`;

exports[`components/svg Test Suite components/svg/contacts Test Suite components/svg/contacts/LinkedIn Test Suite matches snapshot 1`] = `
<svg
  viewBox="0 0 512 512"
>
  <path
    d="M256 0C114.637 0 0 114.637 0 256s114.637 256 256 256 256-114.637 256-256S397.363 0 256 0zm-74.39 387h-62.348V199.426h62.347zm-31.173-213.188h-.406c-20.922 0-34.453-14.402-34.453-32.402 0-18.406 13.945-32.41 35.274-32.41 21.328 0 34.453 14.004 34.859 32.41 0 18-13.531 32.402-35.274 32.402zM406.423 387h-62.34V286.652c0-25.218-9.027-42.418-31.586-42.418-17.223 0-27.48 11.602-31.988 22.801-1.649 4.008-2.051 9.61-2.051 15.215V387h-62.344s.817-169.977 0-187.574h62.344v26.558c8.285-12.78 23.11-30.96 56.188-30.96 41.02 0 71.777 26.808 71.777 84.421zm0 0"
  />
</svg>
`;

exports[`components/svg Test Suite components/svg/contacts Test Suite components/svg/contacts/Messenger Test Suite matches snapshot 1`] = `
<svg
  viewBox="0 0 512 512"
>
  <path
    d="M241.57423 210.21094l-82.95314 87.82811 75.49219-41.42186 39.44531 41.42186 82.48828-87.82811-74.65626 40.69531zm0 0"
  />
  <path
    d="M256 .000002C114.63672.000002.000002 114.63672.000002 256S114.63672 512 256 512s256-114.63672 256-256S397.36328.000002 256 .000002zm2 393.035158c-15.84765 0-31.14454-2.23829-45.53516-6.38283L160.83983 416v-55.21095c-34.57811-26.31249-56.66014-66.38672-56.66014-111.26952C104.17969 170.2539 173.04686 106 258 106c84.95703 0 153.82031 64.2539 153.82031 143.51953 0 79.2578-68.86328 143.51563-153.82031 143.51563zm0 0"
  />
</svg>
`;

exports[`components/svg Test Suite components/svg/contacts Test Suite components/svg/contacts/Phone Test Suite matches snapshot 1`] = `
<svg
  viewBox="0 0 512 512"
>
  <ellipse
    cx="256"
    cy="385.85175"
    rx="19.998854"
    ry="19.99872"
  />
  <path
    d="M311.79301 116.47659H200.20699c-6.25498 0-11.34429 4.85205-11.34429 10.8049v210.93035c0 5.95797 5.0859 10.80491 11.34429 10.80491h111.58602c6.25498 0 11.34429-4.85206 11.34429-10.80491V127.28149c-.003-5.95797-5.08931-10.8049-11.34429-10.8049z"
  />
  <path
    d="M255.99317 0C114.61367 0 0 114.62144 0 255.99488S114.61367 512 255.99317 512C397.37268 512 512 397.37515 512 255.99488S397.37268 0 255.99317 0zm99.59832 382.32917c0 19.55499-15.85504 35.41163-35.41186 35.41163H191.81354c-19.55511 0-35.41186-15.85493-35.41186-35.41163V128.55125c0-19.55498 15.85504-35.411623 35.41186-35.411623h128.36609c19.55511 0 35.41186 15.854933 35.41186 35.411623z"
  />
</svg>
`;

exports[`components/svg Test Suite components/svg/contacts Test Suite components/svg/contacts/Reddit Test Suite matches snapshot 1`] = `
<svg
  viewBox="0 0 512 512"
>
  <path
    d="M309.60547 343.34765c-11.46875 11.46876-36.04298 15.56251-53.5547 15.56251-17.56249 0-42.08593-4.09375-53.55468-15.56251-2.71484-2.71484-7.0664-2.71484-9.77735 0-2.71484 2.71484-2.71484 7.0664 0 9.77735 18.17579 18.17577 53.09377 19.60937 63.33203 19.60937 10.23828 0 45.10548-1.4336 63.33595-19.60937 2.66015-2.71484 2.66015-7.06641 0-9.77735-2.71485-2.71484-7.06641-2.71484-9.78125 0zM224 282.67577C224 267.98047 212.01953 256 197.32422 256c-14.69141 0-26.67578 11.98047-26.67578 26.67577 0 14.69142 11.98437 26.67579 26.67578 26.67579 14.69531 0 26.67578-11.98047 26.67578-26.67579zm0 0"
  />
  <path
    d="M256 .000002C114.63672.000002.000002 114.63672.000002 256S114.63672 512 256 512s256-114.63672 256-256S397.36328.000002 256 .000002zM404.53124 290.14844c.56251 3.68749.8711 7.42577.8711 11.21484 0 57.44531-66.86718 103.98828-149.35157 103.98828-82.48436 0-149.35155-46.54297-149.35155-103.98828 0-3.83984.30859-7.62891.8711-11.31641C94.566411 284.21093 85.503904 271.15625 85.503904 256c0-20.58203 16.691416-37.32422 37.324226-37.32422 10.03515 0 19.09765 3.9414 25.80468 10.39452 25.90625-18.68749 61.75-30.62108 101.63282-31.64452 0-.51172 18.6367-89.29297 18.6367-89.29297.35939-1.73828 1.38283-3.22656 2.8672-4.19531 1.48438-.97266 3.27735-1.28125 5.01952-.92188l62.0547 13.20704c4.35156-8.80469 13.30858-14.89844 23.80469-14.89844 14.74609 0 26.67577 11.9297 26.67577 26.67578 0 14.74609-11.92968 26.67578-26.67577 26.67578-14.28516 0-25.85547-11.26563-26.51953-25.39453l-55.5547-11.82813-16.99609 80.02734c39.16797 1.37891 74.34375 13.25782 99.83985 31.6914 6.70703-6.5 15.82031-10.49608 25.90624-10.49608 20.63673 0 37.32423 16.69141 37.32423 37.32422 0 15.25781-9.16408 28.31249-22.1172 34.14844zm0 0"
  />
  <path
    d="M314.67577 256C299.98047 256 288 267.98047 288 282.67577c0 14.69142 11.98047 26.67579 26.67577 26.67579 14.69142 0 26.67579-11.98437 26.67579-26.67579 0-14.6953-11.98047-26.67577-26.67579-26.67577zm0 0"
  />
</svg>
`;

exports[`components/svg Test Suite components/svg/contacts Test Suite components/svg/contacts/Skype Test Suite matches snapshot 1`] = `
<svg
  viewBox="0 0 512 512"
>
  <path
    d="M284.43749 237.76172l-35.20312-7.8125c-13.39062-3.05078-28.80468-7.08204-28.80468-19.70704 0-12.65234 10.81249-21.49218 30.33203-21.49218 39.33984 0 35.74609 27.03516 55.27733 27.03516 10.27736 0 19.27344-6.04298 19.27344-16.4336 0-24.2461-38.80468-42.44141-71.72265-42.44141-35.73438 0-73.78906 15.17579-73.78906 55.59375 0 19.46484 6.95312 40.17189 45.2578 49.77735l47.56251 11.875c14.39452 3.54687 17.9961 11.64452 17.9961 18.94922 0 12.14844-12.06642 24.01562-33.92578 24.01562-42.69923 0-36.77344-32.85937-59.65625-32.85937-10.28126 0-17.74219 7.08203-17.74219 17.18749 0 19.70312 23.92187 45.9961 77.39844 45.9961 50.8789 0 76.08984-24.52344 76.08984-57.36719 0-21.20703-9.77734-43.72265-48.34376-52.3164zm0 0"
  />
  <path
    d="M256 .000002C114.63672.000002.000002 114.63672.000002 256S114.63672 512 256 512s256-114.63672 256-256S397.36328.000002 256 .000002zM389.28516 388.90624C372.45312 405.74608 350.08593 415 326.28905 415c-15.41405 0-30.5078-4.00781-43.83984-11.55079-8.65233 1.53515-17.51562 2.34375-26.35937 2.34375-20.32031 0-40.03906-3.98437-58.58984-11.84765-17.9375-7.56251-34.02734-18.42578-47.85938-32.25-13.8164-13.82031-24.66796-29.91015-32.24218-47.83984-7.85938-18.5625-11.83594-38.26954-11.83594-58.59375 0-8.70313.78126-17.41797 2.26563-25.94531-7.31641-13.16016-11.210946-28.05079-11.210946-43.20313 0-23.80078 9.273456-46.1797 26.097656-63.0078 16.83203-16.83595 39.21094-26.105482 63.01172-26.105482 14.57813 0 28.98438 3.636722 41.78906 10.445322.0233-.004.0508-.004.0703-.012 9.33594-1.78906 18.92578-2.6914 28.5039-2.6914 20.31641 0 40.03125 3.98046 58.58204 11.82812 17.91796 7.58202 34.02734 18.43359 47.83984 32.2539 13.83202 13.82423 24.67969 29.92187 32.26172 47.84766 7.85937 18.5586 11.83593 38.26953 11.83593 58.58985 0 9.16015-.86328 18.32811-2.50781 27.28515 7.36719 13.21093 11.28516 28.15235 11.28516 43.35547-.004 23.80077-9.26563 46.1836-26.10156 63.0039zm0 0"
  />
</svg>
`;

exports[`components/svg Test Suite components/svg/contacts Test Suite components/svg/contacts/Twitter Test Suite matches snapshot 1`] = `
<svg
  viewBox="0 0 512 512"
>
  <path
    d="M256 0C114.637 0 0 114.637 0 256s114.637 256 256 256 256-114.637 256-256S397.363 0 256 0zm116.887 199.602c.113 2.52.168 5.05.168 7.593 0 77.645-59.102 167.18-167.184 167.184h.004-.004c-33.184 0-64.062-9.727-90.066-26.395 4.597.543 9.277.813 14.015.813 27.532 0 52.867-9.39 72.98-25.152-25.722-.477-47.41-17.465-54.894-40.813a58.481 58.481 0 0011.043 1.063c5.363 0 10.559-.723 15.496-2.07-26.886-5.384-47.14-29.145-47.14-57.598 0-.266 0-.504.008-.75a58.354 58.354 0 0026.613 7.347c-15.777-10.527-26.148-28.523-26.148-48.91a58.597 58.597 0 017.957-29.535c28.976 35.555 72.28 58.937 121.117 61.394a58.708 58.708 0 01-1.528-13.398c0-32.437 26.317-58.754 58.766-58.754 16.902 0 32.168 7.145 42.89 18.567a117.855 117.855 0 0037.313-14.262c-4.394 13.715-13.707 25.222-25.84 32.5 11.887-1.422 23.215-4.574 33.742-9.254a119.412 119.412 0 01-29.308 30.43zm0 0"
  />
</svg>
`;

exports[`components/svg Test Suite components/svg/contacts Test Suite components/svg/contacts/Whatsapp Test Suite matches snapshot 1`] = `
<svg
  viewBox="0 0 512 512"
>
  <path
    d="M256 .000002C114.63672.000002.000002 114.63672.000002 256S114.63672 512 256 512s256-114.63672 256-256S397.36328.000002 256 .000002zm5.42577 405.050768c-.004 0 .004 0 0 0h-.0625c-25.64453-.012-50.84375-6.44141-73.22266-18.64453l-81.22265 21.30079 21.73828-79.375c-13.41019-23.22656-20.46487-49.57812-20.45316-76.57422.0352-84.45312 68.76954-153.160146 153.22265-153.160146 40.98439.0156 79.45704 15.968746 108.38282 44.917956 28.92969 28.95312 44.85157 67.43751 44.83593 108.36329-.0352 84.45702-68.77733 153.17186-153.21875 153.17186zm0 0"
  />
  <path
    d="M261.47656 124.46876c-70.2461 0-127.37501 57.10546-127.40626 127.30077-.008 24.05468 6.72656 47.48047 19.47267 67.75l3.02733 4.8164-12.86719 46.98048 48.19923-12.64064 4.65235 2.75782c19.55077 11.60157 41.96484 17.73828 64.8164 17.7461h.0508c70.1914 0 127.32031-57.10938 127.35156-127.3086.012-34.01953-13.22265-66.00391-37.26562-90.0664-24.04298-24.06251-56.01954-37.32421-90.03126-37.33593zm74.90625 182.03515c-3.1914 8.9375-18.48437 17.09765-25.83984 18.19921-6.59766.98437-14.94141 1.39453-24.11328-1.51563-5.5625-1.76562-12.69141-4.12108-21.82813-8.06249-38.40234-16.57813-63.48438-55.23439-65.39843-57.78907-1.91407-2.55468-15.63283-20.7539-15.63283-39.59375 0-18.83593 9.89064-28.09765 13.39844-31.92577 3.51172-3.83204 7.66016-4.78907 10.21095-4.78907 2.55077 0 5.10547.0233 7.33593.1328 2.35156.1172 5.50782-.89453 8.61328 6.57031 3.1914 7.66407 10.84766 26.5 11.80469 28.41407.95704 1.91797 1.59376 4.15233.32032 6.70702-1.27735 2.5547-5.51953 8.06642-9.57033 13.08986-1.6992 2.10545-3.91405 3.98045-1.67968 7.81249 2.23048 3.82812 9.91798 16.36328 21.29689 26.51171 14.62498 13.03908 26.96093 17.07813 30.78905 18.99611 3.82421 1.91405 6.0586 1.59374 8.29297-.95703 2.23047-2.55469 9.57032-11.17579 12.1211-15.00783 2.55078-3.83202 5.10546-3.1914 8.61328-1.91405 3.51172 1.27344 22.33202 10.53516 26.16014 12.44921 3.82814 1.91798 6.37892 2.875 7.33595 4.47267.96093 1.59764.96093 9.2578-2.23047 18.19921zm0 0"
  />
</svg>
`;

exports[`components/svg Test Suite components/svg/interests Test Suite components/svg/interests/Coding Test Suite matches snapshot 1`] = `
<svg
  viewBox="0 0 24 24"
>
  <path
    d="M9.4 16.6L4.8 12l4.6-4.6L8 6l-6 6 6 6 1.4-1.4zm5.2 0l4.6-4.6-4.6-4.6L16 6l6 6-6 6-1.4-1.4z"
  />
</svg>
`;

exports[`components/svg Test Suite components/svg/interests Test Suite components/svg/interests/Movies Test Suite matches snapshot 1`] = `
<svg
  viewBox="0 0 24 24"
>
  <path
    d="M18 4l2 4h-3l-2-4h-2l2 4h-3l-2-4H8l2 4H7L5 4H4c-1.1 0-1.99.9-1.99 2L2 18c0 1.1.9 2 2 2h16c1.1 0 2-.9 2-2V4h-4z"
  />
</svg>
`;

exports[`components/svg Test Suite components/svg/interests Test Suite components/svg/interests/Music Test Suite matches snapshot 1`] = `
<svg
  viewBox="0 0 24 24"
>
  <path
    d="M21 3H3c-1.1 0-2 .9-2 2v14c0 1.1.9 2 2 2h18c1.1 0 2-.9 2-2V5c0-1.1-.9-2-2-2zm0 16H3V5h18v14zM8 15c0-1.66 1.34-3 3-3 .35 0 .69.07 1 .18V6h5v2h-3v7.03c-.02 1.64-1.35 2.97-3 2.97-1.66 0-3-1.34-3-3z"
  />
</svg>
`;

exports[`components/svg Test Suite components/svg/interests Test Suite components/svg/interests/Nature Test Suite matches snapshot 1`] = `
<svg
  viewBox="0 0 24 24"
>
  <path
    d="M14 6l-3.75 5 2.85 3.8-1.6 1.2C9.81 13.75 7 10 7 10l-6 8h22L14 6z"
  />
</svg>
`;

exports[`components/svg Test Suite components/svg/interests Test Suite components/svg/interests/Sports Test Suite matches snapshot 1`] = `
<svg
  viewBox="0 0 24 24"
>
  <path
    d="M17.09 11h4.86c-.16-1.61-.71-3.11-1.54-4.4-1.73.83-2.99 2.45-3.32 4.4zM6.91 11c-.33-1.95-1.59-3.57-3.32-4.4-.83 1.29-1.38 2.79-1.54 4.4h4.86zM15.07 11c.32-2.59 1.88-4.79 4.06-6-1.6-1.63-3.74-2.71-6.13-2.95V11h2.07zM8.93 11H11V2.05C8.61 2.29 6.46 3.37 4.87 5c2.18 1.21 3.74 3.41 4.06 6zM15.07 13H13v8.95c2.39-.24 4.54-1.32 6.13-2.95-2.18-1.21-3.74-3.41-4.06-6zM3.59 17.4c1.72-.83 2.99-2.46 3.32-4.4H2.05c.16 1.61.71 3.11 1.54 4.4zM17.09 13c.33 1.95 1.59 3.57 3.32 4.4.83-1.29 1.38-2.79 1.54-4.4h-4.86zM8.93 13c-.32 2.59-1.88 4.79-4.06 6 1.6 1.63 3.74 2.71 6.13 2.95V13H8.93z"
  />
</svg>
`;

exports[`components/svg Test Suite components/svg/interests Test Suite components/svg/interests/Tech Test Suite matches snapshot 1`] = `
<svg
  viewBox="0 0 24 24"
>
  <path
    d="M20 18c1.1 0 1.99-.9 1.99-2L22 5c0-1.1-.9-2-2-2H4c-1.1 0-2 .9-2 2v11c0 1.1.9 2 2 2H0c0 1.1.9 2 2 2h20c1.1 0 2-.9 2-2h-4zM4 5h16v11H4V5zm8 14c-.55 0-1-.45-1-1s.45-1 1-1 1 .45 1 1-.45 1-1 1z"
  />
</svg>
`;

exports[`components/svg Test Suite components/svg/sections Test Suite components/svg/sections/Education Test Suite matches snapshot 1`] = `
<svg
  viewBox="0 0 24 24"
>
  <path
    d="M5 13.18v4L12 21l7-3.82v-4L12 17l-7-3.82zM12 3L1 9l11 6 9-4.91V17h2V9L12 3z"
  />
</svg>
`;

exports[`components/svg Test Suite components/svg/sections Test Suite components/svg/sections/Experience Test Suite matches snapshot 1`] = `
<svg
  viewBox="0 0 24 24"
>
  <path
    d="M20 6h-4V4c0-1.11-.89-2-2-2h-4c-1.11 0-2 .89-2 2v2H4c-1.11 0-1.99.89-1.99 2L2 19c0 1.11.89 2 2 2h16c1.11 0 2-.89 2-2V8c0-1.11-.89-2-2-2zm-6 0h-4V4h4v2z"
  />
</svg>
`;

exports[`components/svg Test Suite components/svg/sections Test Suite components/svg/sections/Interests Test Suite matches snapshot 1`] = `
<svg
  viewBox="0 0 24 24"
>
  <path
    d="M15.5 5.5c1.1 0 2-.9 2-2s-.9-2-2-2-2 .9-2 2 .9 2 2 2zM5 12c-2.8 0-5 2.2-5 5s2.2 5 5 5 5-2.2 5-5-2.2-5-5-5zm0 8.5c-1.9 0-3.5-1.6-3.5-3.5s1.6-3.5 3.5-3.5 3.5 1.6 3.5 3.5-1.6 3.5-3.5 3.5zm5.8-10l2.4-2.4.8.8c1.3 1.3 3 2.1 5.1 2.1V9c-1.5 0-2.7-.6-3.6-1.5l-1.9-1.9c-.5-.4-1-.6-1.6-.6s-1.1.2-1.4.6L7.8 8.4c-.4.4-.6.9-.6 1.4 0 .6.2 1.1.6 1.4L11 14v5h2v-6.2l-2.2-2.3zM19 12c-2.8 0-5 2.2-5 5s2.2 5 5 5 5-2.2 5-5-2.2-5-5-5zm0 8.5c-1.9 0-3.5-1.6-3.5-3.5s1.6-3.5 3.5-3.5 3.5 1.6 3.5 3.5-1.6 3.5-3.5 3.5z"
  />
</svg>
`;

exports[`components/svg Test Suite components/svg/sections Test Suite components/svg/sections/Skills Test Suite matches snapshot 1`] = `
<svg
  viewBox="0 0 24 24"
>
  <path
    d="M9.4 16.6L4.8 12l4.6-4.6L8 6l-6 6 6 6 1.4-1.4zm5.2 0l4.6-4.6-4.6-4.6L16 6l6 6-6 6-1.4-1.4z"
  />
</svg>
`;

exports[`components/svg Test Suite components/svg/sections Test Suite components/svg/sections/Toolbox Test Suite matches snapshot 1`] = `
<svg
  viewBox="0 0 24 24"
>
  <path
    d="M21 3H3c-1.1 0-2 .9-2 2v12c0 1.1.9 2 2 2h5v2h8v-2h5c1.1 0 1.99-.9 1.99-2L23 5c0-1.1-.9-2-2-2zm0 14H3V5h18v12zm-2-9H8v2h11V8zm0 4H8v2h11v-2zM7 8H5v2h2V8zm0 4H5v2h2v-2z"
  />
</svg>
`;
