// Jest Snapshot v1, https://goo.gl/fbAQLP

exports[`components/common/Anchor Test Suite matches snapshot 1`] = `
<a
  className="sc-AxjAm sc-AxirZ kppMdh"
  fontWeight="semi-bold"
  rel="noopener noreferrer"
  target="_self"
>
  Anchor Component
</a>
`;
