// Jest Snapshot v1, https://goo.gl/fbAQLP

exports[`pages/404 Test Suite matches snapshot 1`] = `
<div
  className="transition-opacity duration-200 ease-out opacity-0"
/>
`;
